-- Logs begin at Thu 2014-11-13 09:54:57 PST, end at Thu 2014-11-13 01:53:23 PST. --
Nov 13 09:54:57 ivi_box systemd-journal[78]: Runtime journal is using 16.0M (max allowed 1000.0M, trying to leave 141.3M free of 926.5M available → current limit 785.1M).
Nov 13 09:54:57 ivi_box systemd-journal[78]: Runtime journal is using 16.0M (max allowed 1000.0M, trying to leave 141.3M free of 926.5M available → current limit 785.1M).
Nov 13 09:54:57 ivi_box kernel: Initializing cgroup subsys cpuset
Nov 13 09:54:57 ivi_box kernel: Initializing cgroup subsys cpu
Nov 13 09:54:57 ivi_box kernel: Initializing cgroup subsys cpuacct
Nov 13 09:54:57 ivi_box kernel: Linux version 3.14.19-10.4-ivi-i386-default (abuild@w20) (gcc version 4.8.2 (Tizen) ) #1 SMP PREEMPT Sat Oct 11 08:33:27 UTC 2014
Nov 13 09:54:57 ivi_box kernel: KERNEL supported cpus:
Nov 13 09:54:57 ivi_box kernel:   Intel GenuineIntel
Nov 13 09:54:57 ivi_box kernel: e820: BIOS-provided physical RAM map:
Nov 13 09:54:57 ivi_box kernel: BIOS-e820: [mem 0x0000000000000000-0x000000000008efff] usable
Nov 13 09:54:57 ivi_box kernel: BIOS-e820: [mem 0x000000000008f000-0x000000000008ffff] ACPI NVS
Nov 13 09:54:57 ivi_box kernel: BIOS-e820: [mem 0x0000000000090000-0x000000000009ffff] usable
Nov 13 09:54:57 ivi_box kernel: BIOS-e820: [mem 0x0000000000100000-0x000000001fffffff] usable
Nov 13 09:54:57 ivi_box kernel: BIOS-e820: [mem 0x0000000020000000-0x00000000200fffff] reserved
Nov 13 09:54:57 ivi_box kernel: BIOS-e820: [mem 0x0000000020100000-0x0000000077837fff] usable
Nov 13 09:54:57 ivi_box kernel: BIOS-e820: [mem 0x0000000077838000-0x0000000077867fff] reserved
Nov 13 09:54:57 ivi_box kernel: BIOS-e820: [mem 0x0000000077868000-0x0000000077877fff] ACPI data
Nov 13 09:54:57 ivi_box kernel: BIOS-e820: [mem 0x0000000077878000-0x0000000077972fff] ACPI NVS
Nov 13 09:54:57 ivi_box kernel: BIOS-e820: [mem 0x0000000077973000-0x0000000077c3cfff] reserved
Nov 13 09:54:57 ivi_box kernel: BIOS-e820: [mem 0x0000000077c3d000-0x0000000077da2fff] usable
Nov 13 09:54:57 ivi_box kernel: BIOS-e820: [mem 0x0000000077da3000-0x0000000077ff9fff] reserved
Nov 13 09:54:57 ivi_box kernel: BIOS-e820: [mem 0x0000000077ffa000-0x0000000077ffffff] usable
Nov 13 09:54:57 ivi_box kernel: BIOS-e820: [mem 0x00000000e0000000-0x00000000efffffff] reserved
Nov 13 09:54:57 ivi_box kernel: BIOS-e820: [mem 0x00000000fec00000-0x00000000fec00fff] reserved
Nov 13 09:54:57 ivi_box kernel: BIOS-e820: [mem 0x00000000fed01000-0x00000000fed01fff] reserved
Nov 13 09:54:57 ivi_box kernel: BIOS-e820: [mem 0x00000000fed03000-0x00000000fed03fff] reserved
Nov 13 09:54:57 ivi_box kernel: BIOS-e820: [mem 0x00000000fed08000-0x00000000fed08fff] reserved
Nov 13 09:54:57 ivi_box kernel: BIOS-e820: [mem 0x00000000fed0c000-0x00000000fed0ffff] reserved
Nov 13 09:54:57 ivi_box kernel: BIOS-e820: [mem 0x00000000fed1c000-0x00000000fed1cfff] reserved
Nov 13 09:54:57 ivi_box kernel: BIOS-e820: [mem 0x00000000fee00000-0x00000000fee00fff] reserved
Nov 13 09:54:57 ivi_box kernel: BIOS-e820: [mem 0x00000000fef00000-0x00000000feffffff] reserved
Nov 13 09:54:57 ivi_box kernel: BIOS-e820: [mem 0x00000000ffb00000-0x00000000ffffffff] reserved
Nov 13 09:54:57 ivi_box kernel: NX (Execute Disable) protection: active
Nov 13 09:54:57 ivi_box kernel: e820: update [mem 0x683c0010-0x683d003b] usable ==> usable
Nov 13 09:54:57 ivi_box kernel: extended physical RAM map:
Nov 13 09:54:57 ivi_box kernel: reserve setup_data: [mem 0x0000000000000000-0x000000000008efff] usable
Nov 13 09:54:57 ivi_box kernel: reserve setup_data: [mem 0x000000000008f000-0x000000000008ffff] ACPI NVS
Nov 13 09:54:57 ivi_box kernel: reserve setup_data: [mem 0x0000000000090000-0x000000000009ffff] usable
Nov 13 09:54:57 ivi_box kernel: reserve setup_data: [mem 0x0000000000100000-0x000000001fffffff] usable
Nov 13 09:54:57 ivi_box kernel: reserve setup_data: [mem 0x0000000020000000-0x00000000200fffff] reserved
Nov 13 09:54:57 ivi_box kernel: reserve setup_data: [mem 0x0000000020100000-0x00000000683c000f] usable
Nov 13 09:54:57 ivi_box kernel: reserve setup_data: [mem 0x00000000683c0010-0x00000000683d003b] usable
Nov 13 09:54:57 ivi_box kernel: reserve setup_data: [mem 0x00000000683d003c-0x0000000077837fff] usable
Nov 13 09:54:57 ivi_box kernel: reserve setup_data: [mem 0x0000000077838000-0x0000000077867fff] reserved
Nov 13 09:54:57 ivi_box kernel: reserve setup_data: [mem 0x0000000077868000-0x0000000077877fff] ACPI data
Nov 13 09:54:57 ivi_box kernel: reserve setup_data: [mem 0x0000000077878000-0x0000000077972fff] ACPI NVS
Nov 13 09:54:57 ivi_box kernel: reserve setup_data: [mem 0x0000000077973000-0x0000000077c3cfff] reserved
Nov 13 09:54:57 ivi_box kernel: reserve setup_data: [mem 0x0000000077c3d000-0x0000000077da2fff] usable
Nov 13 09:54:57 ivi_box kernel: reserve setup_data: [mem 0x0000000077da3000-0x0000000077ff9fff] reserved
Nov 13 09:54:57 ivi_box kernel: reserve setup_data: [mem 0x0000000077ffa000-0x0000000077ffffff] usable
Nov 13 09:54:57 ivi_box kernel: reserve setup_data: [mem 0x00000000e0000000-0x00000000efffffff] reserved
Nov 13 09:54:57 ivi_box kernel: reserve setup_data: [mem 0x00000000fec00000-0x00000000fec00fff] reserved
Nov 13 09:54:57 ivi_box kernel: reserve setup_data: [mem 0x00000000fed01000-0x00000000fed01fff] reserved
Nov 13 09:54:57 ivi_box kernel: reserve setup_data: [mem 0x00000000fed03000-0x00000000fed03fff] reserved
Nov 13 09:54:57 ivi_box kernel: reserve setup_data: [mem 0x00000000fed08000-0x00000000fed08fff] reserved
Nov 13 09:54:57 ivi_box kernel: reserve setup_data: [mem 0x00000000fed0c000-0x00000000fed0ffff] reserved
Nov 13 09:54:57 ivi_box kernel: reserve setup_data: [mem 0x00000000fed1c000-0x00000000fed1cfff] reserved
Nov 13 09:54:57 ivi_box kernel: reserve setup_data: [mem 0x00000000fee00000-0x00000000fee00fff] reserved
Nov 13 09:54:57 ivi_box kernel: reserve setup_data: [mem 0x00000000fef00000-0x00000000feffffff] reserved
Nov 13 09:54:57 ivi_box kernel: reserve setup_data: [mem 0x00000000ffb00000-0x00000000ffffffff] reserved
Nov 13 09:54:57 ivi_box kernel: efi: EFI v2.31 by American Megatrends
Nov 13 09:54:57 ivi_box kernel: efi:  ACPI=0x7786b000  ACPI 2.0=0x7786b000  SMBIOS=0xf04d0  MPS=0xfd500 
Nov 13 09:54:57 ivi_box kernel: efi: mem00: type=3, attr=0xf, range=[0x0000000000000000-0x0000000000008000) (0MB)
Nov 13 09:54:57 ivi_box kernel: efi: mem01: type=2, attr=0xf, range=[0x0000000000008000-0x000000000000e000) (0MB)
Nov 13 09:54:57 ivi_box kernel: efi: mem02: type=7, attr=0xf, range=[0x000000000000e000-0x000000000002f000) (0MB)
Nov 13 09:54:57 ivi_box kernel: efi: mem03: type=3, attr=0xf, range=[0x000000000002f000-0x000000000008f000) (0MB)
Nov 13 09:54:57 ivi_box kernel: efi: mem04: type=10, attr=0xf, range=[0x000000000008f000-0x0000000000090000) (0MB)
Nov 13 09:54:57 ivi_box kernel: efi: mem05: type=7, attr=0xf, range=[0x0000000000090000-0x000000000009f000) (0MB)
Nov 13 09:54:57 ivi_box kernel: efi: mem06: type=4, attr=0xf, range=[0x000000000009f000-0x00000000000a0000) (0MB)
Nov 13 09:54:57 ivi_box kernel: efi: mem07: type=7, attr=0xf, range=[0x0000000000100000-0x0000000001000000) (15MB)
Nov 13 09:54:57 ivi_box kernel: efi: mem08: type=2, attr=0xf, range=[0x0000000001000000-0x00000000019af000) (9MB)
Nov 13 09:54:57 ivi_box kernel: efi: mem09: type=7, attr=0xf, range=[0x00000000019af000-0x0000000020000000) (486MB)
Nov 13 09:54:57 ivi_box kernel: efi: mem10: type=0, attr=0xf, range=[0x0000000020000000-0x0000000020100000) (1MB)
Nov 13 09:54:57 ivi_box kernel: efi: mem11: type=7, attr=0xf, range=[0x0000000020100000-0x0000000058000000) (895MB)
Nov 13 09:54:57 ivi_box kernel: efi: mem12: type=4, attr=0xf, range=[0x0000000058000000-0x0000000058020000) (0MB)
Nov 13 09:54:57 ivi_box kernel: efi: mem13: type=7, attr=0xf, range=[0x0000000058020000-0x00000000683c0000) (259MB)
Nov 13 09:54:57 ivi_box kernel: efi: mem14: type=2, attr=0xf, range=[0x00000000683c0000-0x00000000683d1000) (0MB)
Nov 13 09:54:57 ivi_box kernel: efi: mem15: type=1, attr=0xf, range=[0x00000000683d1000-0x0000000068d81000) (9MB)
Nov 13 09:54:57 ivi_box kernel: efi: mem16: type=2, attr=0xf, range=[0x0000000068d81000-0x0000000068d83000) (0MB)
Nov 13 09:54:57 ivi_box kernel: efi: mem17: type=1, attr=0xf, range=[0x0000000068d83000-0x0000000068d9b000) (0MB)
Nov 13 09:54:57 ivi_box kernel: efi: mem18: type=4, attr=0xf, range=[0x0000000068d9b000-0x0000000077238000) (228MB)
Nov 13 09:54:57 ivi_box kernel: efi: mem19: type=7, attr=0xf, range=[0x0000000077238000-0x0000000077657000) (4MB)
Nov 13 09:54:57 ivi_box kernel: efi: mem20: type=3, attr=0xf, range=[0x0000000077657000-0x0000000077838000) (1MB)
Nov 13 09:54:57 ivi_box kernel: efi: mem21: type=0, attr=0xf, range=[0x0000000077838000-0x0000000077868000) (0MB)
Nov 13 09:54:57 ivi_box kernel: efi: mem22: type=9, attr=0xf, range=[0x0000000077868000-0x0000000077878000) (0MB)
Nov 13 09:54:57 ivi_box kernel: efi: mem23: type=10, attr=0xf, range=[0x0000000077878000-0x0000000077973000) (0MB)
Nov 13 09:54:57 ivi_box kernel: efi: mem24: type=6, attr=0x800000000000000f, range=[0x0000000077973000-0x0000000077bfb000) (2MB)
Nov 13 09:54:57 ivi_box kernel: efi: mem25: type=5, attr=0x800000000000000f, range=[0x0000000077bfb000-0x0000000077c3d000) (0MB)
Nov 13 09:54:57 ivi_box kernel: efi: mem26: type=4, attr=0xf, range=[0x0000000077c3d000-0x0000000077da3000) (1MB)
Nov 13 09:54:57 ivi_box kernel: efi: mem27: type=6, attr=0x800000000000000f, range=[0x0000000077da3000-0x0000000077ffa000) (2MB)
Nov 13 09:54:57 ivi_box kernel: efi: mem28: type=4, attr=0xf, range=[0x0000000077ffa000-0x0000000078000000) (0MB)
Nov 13 09:54:57 ivi_box kernel: efi: mem29: type=11, attr=0x8000000000000001, range=[0x00000000e0000000-0x00000000f0000000) (256MB)
Nov 13 09:54:57 ivi_box kernel: efi: mem30: type=11, attr=0x8000000000000001, range=[0x00000000fec00000-0x00000000fec01000) (0MB)
Nov 13 09:54:57 ivi_box kernel: efi: mem31: type=11, attr=0x8000000000000001, range=[0x00000000fed01000-0x00000000fed02000) (0MB)
Nov 13 09:54:57 ivi_box kernel: efi: mem32: type=11, attr=0x8000000000000001, range=[0x00000000fed03000-0x00000000fed04000) (0MB)
Nov 13 09:54:57 ivi_box kernel: efi: mem33: type=11, attr=0x8000000000000001, range=[0x00000000fed08000-0x00000000fed09000) (0MB)
Nov 13 09:54:57 ivi_box kernel: efi: mem34: type=11, attr=0x8000000000000001, range=[0x00000000fed0c000-0x00000000fed10000) (0MB)
Nov 13 09:54:57 ivi_box kernel: efi: mem35: type=11, attr=0x8000000000000001, range=[0x00000000fed1c000-0x00000000fed1d000) (0MB)
Nov 13 09:54:57 ivi_box kernel: efi: mem36: type=11, attr=0x8000000000000001, range=[0x00000000fee00000-0x00000000fee01000) (0MB)
Nov 13 09:54:57 ivi_box kernel: efi: mem37: type=11, attr=0x8000000000000001, range=[0x00000000fef00000-0x00000000ff000000) (1MB)
Nov 13 09:54:57 ivi_box kernel: efi: mem38: type=11, attr=0x8000000000000000, range=[0x00000000ffb00000-0x0000000100000000) (5MB)
Nov 13 09:54:57 ivi_box kernel: SMBIOS 2.8 present.
Nov 13 09:54:57 ivi_box kernel: DMI: NEXCOM VTC1010/Aptio CRB, BIOS 5.6.5 01/17/2014
Nov 13 09:54:57 ivi_box kernel: e820: update [mem 0x00000000-0x00000fff] usable ==> reserved
Nov 13 09:54:57 ivi_box kernel: e820: remove [mem 0x000a0000-0x000fffff] usable
Nov 13 09:54:57 ivi_box kernel: e820: last_pfn = 0x78000 max_arch_pfn = 0x1000000
Nov 13 09:54:57 ivi_box kernel: MTRR default type: uncachable
Nov 13 09:54:57 ivi_box kernel: MTRR fixed ranges enabled:
Nov 13 09:54:57 ivi_box kernel:   00000-9FFFF write-back
Nov 13 09:54:57 ivi_box kernel:   A0000-BFFFF uncachable
Nov 13 09:54:57 ivi_box kernel:   C0000-E7FFF write-through
Nov 13 09:54:57 ivi_box kernel:   E8000-FFFFF write-protect
Nov 13 09:54:57 ivi_box kernel: MTRR variable ranges enabled:
Nov 13 09:54:57 ivi_box kernel:   0 base 000000000 mask F80000000 write-back
Nov 13 09:54:57 ivi_box kernel:   1 base 078000000 mask FF8000000 uncachable
Nov 13 09:54:57 ivi_box kernel:   2 disabled
Nov 13 09:54:57 ivi_box kernel:   3 disabled
Nov 13 09:54:57 ivi_box kernel:   4 disabled
Nov 13 09:54:57 ivi_box kernel:   5 disabled
Nov 13 09:54:57 ivi_box kernel:   6 disabled
Nov 13 09:54:57 ivi_box kernel:   7 disabled
Nov 13 09:54:57 ivi_box kernel: x86 PAT enabled: cpu 0, old 0x7040600070406, new 0x7010600070106
Nov 13 09:54:57 ivi_box kernel: original variable MTRRs
Nov 13 09:54:57 ivi_box kernel: reg 0, base: 0GB, range: 2GB, type WB
Nov 13 09:54:57 ivi_box kernel: reg 1, base: 1920MB, range: 128MB, type UC
Nov 13 09:54:57 ivi_box kernel: total RAM covered: 1920M
Nov 13 09:54:57 ivi_box kernel: Found optimal setting for mtrr clean up
Nov 13 09:54:57 ivi_box kernel:  gran_size: 64K         chunk_size: 256M         num_reg: 2          lose cover RAM: 0G
Nov 13 09:54:57 ivi_box kernel: New variable MTRRs
Nov 13 09:54:57 ivi_box kernel: reg 0, base: 0GB, range: 2GB, type WB
Nov 13 09:54:57 ivi_box kernel: reg 1, base: 1920MB, range: 128MB, type UC
Nov 13 09:54:57 ivi_box kernel: initial memory mapped: [mem 0x00000000-0x01ffffff]
Nov 13 09:54:57 ivi_box kernel: Base memory trampoline at [c0089000] 89000 size 16384
Nov 13 09:54:57 ivi_box kernel: init_memory_mapping: [mem 0x00000000-0x000fffff]
Nov 13 09:54:57 ivi_box kernel:  [mem 0x00000000-0x000fffff] page 4k
Nov 13 09:54:57 ivi_box kernel: init_memory_mapping: [mem 0x37800000-0x379fffff]
Nov 13 09:54:57 ivi_box kernel:  [mem 0x37800000-0x379fffff] page 2M
Nov 13 09:54:57 ivi_box kernel: init_memory_mapping: [mem 0x34000000-0x377fffff]
Nov 13 09:54:57 ivi_box kernel:  [mem 0x34000000-0x377fffff] page 2M
Nov 13 09:54:57 ivi_box kernel: init_memory_mapping: [mem 0x00100000-0x1fffffff]
Nov 13 09:54:57 ivi_box kernel:  [mem 0x00100000-0x001fffff] page 4k
Nov 13 09:54:57 ivi_box kernel:  [mem 0x00200000-0x1fffffff] page 2M
Nov 13 09:54:57 ivi_box kernel: init_memory_mapping: [mem 0x20100000-0x33ffffff]
Nov 13 09:54:57 ivi_box kernel:  [mem 0x20100000-0x201fffff] page 4k
Nov 13 09:54:57 ivi_box kernel:  [mem 0x20200000-0x33ffffff] page 2M
Nov 13 09:54:57 ivi_box kernel: BRK [0x01b96000, 0x01b96fff] PGTABLE
Nov 13 09:54:57 ivi_box kernel: init_memory_mapping: [mem 0x37a00000-0x37bfdfff]
Nov 13 09:54:57 ivi_box kernel:  [mem 0x37a00000-0x37bfdfff] page 4k
Nov 13 09:54:57 ivi_box kernel: BRK [0x01b97000, 0x01b97fff] PGTABLE
Nov 13 09:54:57 ivi_box kernel: ACPI: RSDP 7786b000 000024 (v02 ALASKA)
Nov 13 09:54:57 ivi_box kernel: ACPI: XSDT 7786b080 00007C (v01 ALASKA   A M I  01072009 AMI  00010013)
Nov 13 09:54:57 ivi_box kernel: ACPI: FACP 77875f78 00010C (v05 ALASKA   A M I  01072009 AMI  00010013)
Nov 13 09:54:57 ivi_box kernel: ACPI BIOS Warning (bug): 32/64X length mismatch in FADT/Gpe0Block: 128/32 (20131218/tbfadt-603)
Nov 13 09:54:57 ivi_box kernel: ACPI: DSDT 7786b188 00ADF0 (v02 ALASKA   A M I  01072009 INTL 20120913)
Nov 13 09:54:57 ivi_box kernel: ACPI: FACS 77972f80 000040
Nov 13 09:54:57 ivi_box kernel: ACPI: APIC 77876088 000068 (v03 ALASKA   A M I  01072009 AMI  00010013)
Nov 13 09:54:57 ivi_box kernel: ACPI: FPDT 778760f0 000044 (v01 ALASKA   A M I  01072009 AMI  00010013)
Nov 13 09:54:57 ivi_box kernel: ACPI: LPIT 77876138 000104 (v01 ALASKA   A M I  00000003 VLV2 0100000D)
Nov 13 09:54:57 ivi_box kernel: ACPI: MCFG 77876240 00003C (v01 ALASKA   A M I  01072009 MSFT 00000097)
Nov 13 09:54:57 ivi_box kernel: ACPI: HPET 77876280 000038 (v01 ALASKA   A M I  01072009 AMI. 00000005)
Nov 13 09:54:57 ivi_box kernel: ACPI: SSDT 778762b8 000763 (v01  PmRef    CpuPm 00003000 INTL 20061109)
Nov 13 09:54:57 ivi_box kernel: ACPI: SSDT 77876a20 000290 (v01  PmRef  Cpu0Tst 00003000 INTL 20061109)
Nov 13 09:54:57 ivi_box kernel: ACPI: SSDT 77876cb0 00017A (v01  PmRef    ApTst 00003000 INTL 20061109)
Nov 13 09:54:57 ivi_box kernel: ACPI: UEFI 77876e30 000042 (v01 ALASKA   A M I  00000000      00000000)
Nov 13 09:54:57 ivi_box kernel: ACPI: CSRT 77876e78 00014C (v00 INTEL  EDK2     00000005 INTL 20120624)
Nov 13 09:54:57 ivi_box kernel: ACPI: Local APIC address 0xfee00000
Nov 13 09:54:57 ivi_box kernel: 1028MB HIGHMEM available.
Nov 13 09:54:57 ivi_box kernel: 891MB LOWMEM available.
Nov 13 09:54:57 ivi_box kernel:   mapped low ram: 0 - 37bfe000
Nov 13 09:54:57 ivi_box kernel:   low ram: 0 - 37bfe000
Nov 13 09:54:57 ivi_box kernel: BRK [0x01b98000, 0x01b98fff] PGTABLE
Nov 13 09:54:57 ivi_box kernel: Zone ranges:
Nov 13 09:54:57 ivi_box kernel:   DMA      [mem 0x00001000-0x00ffffff]
Nov 13 09:54:57 ivi_box kernel:   Normal   [mem 0x01000000-0x37bfdfff]
Nov 13 09:54:57 ivi_box kernel:   HighMem  [mem 0x37bfe000-0x77ffffff]
Nov 13 09:54:57 ivi_box kernel: Movable zone start for each node
Nov 13 09:54:57 ivi_box kernel: Early memory node ranges
Nov 13 09:54:57 ivi_box kernel:   node   0: [mem 0x00001000-0x0008efff]
Nov 13 09:54:57 ivi_box kernel:   node   0: [mem 0x00090000-0x0009ffff]
Nov 13 09:54:57 ivi_box kernel:   node   0: [mem 0x00100000-0x1fffffff]
Nov 13 09:54:57 ivi_box kernel:   node   0: [mem 0x20100000-0x77837fff]
Nov 13 09:54:57 ivi_box kernel:   node   0: [mem 0x77c3d000-0x77da2fff]
Nov 13 09:54:57 ivi_box kernel:   node   0: [mem 0x77ffa000-0x77ffffff]
Nov 13 09:54:57 ivi_box kernel: On node 0 totalpages: 489538
Nov 13 09:54:57 ivi_box kernel: free_area_init_node: node 0, pgdat c1a7f9c0, node_mem_map f6cfe020
Nov 13 09:54:57 ivi_box kernel:   DMA zone: 32 pages used for memmap
Nov 13 09:54:57 ivi_box kernel:   DMA zone: 0 pages reserved
Nov 13 09:54:57 ivi_box kernel:   DMA zone: 3998 pages, LIFO batch:0
Nov 13 09:54:57 ivi_box kernel:   Normal zone: 1752 pages used for memmap
Nov 13 09:54:57 ivi_box kernel:   Normal zone: 223998 pages, LIFO batch:31
Nov 13 09:54:57 ivi_box kernel:   HighMem zone: 2057 pages used for memmap
Nov 13 09:54:57 ivi_box kernel:   HighMem zone: 261542 pages, LIFO batch:31
Nov 13 09:54:57 ivi_box kernel: Using APIC driver default
Nov 13 09:54:57 ivi_box kernel: ACPI: PM-Timer IO Port: 0x408
Nov 13 09:54:57 ivi_box kernel: ACPI: Local APIC address 0xfee00000
Nov 13 09:54:57 ivi_box kernel: ACPI: LAPIC (acpi_id[0x01] lapic_id[0x00] enabled)
Nov 13 09:54:57 ivi_box kernel: ACPI: LAPIC (acpi_id[0x02] lapic_id[0x04] enabled)
Nov 13 09:54:57 ivi_box kernel: ACPI: LAPIC_NMI (acpi_id[0x01] res edge lint[0x0])
Nov 13 09:54:57 ivi_box kernel: ACPI: NMI not connected to LINT 1!
Nov 13 09:54:57 ivi_box kernel: ACPI: LAPIC_NMI (acpi_id[0x02] dfl dfl lint[0x2])
Nov 13 09:54:57 ivi_box kernel: ACPI: NMI not connected to LINT 1!
Nov 13 09:54:57 ivi_box kernel: ACPI: IOAPIC (id[0x01] address[0xfec00000] gsi_base[0])
Nov 13 09:54:57 ivi_box kernel: IOAPIC[0]: apic_id 1, version 32, address 0xfec00000, GSI 0-86
Nov 13 09:54:57 ivi_box kernel: ACPI: INT_SRC_OVR (bus 0 bus_irq 0 global_irq 2 dfl dfl)
Nov 13 09:54:57 ivi_box kernel: ACPI: INT_SRC_OVR (bus 0 bus_irq 9 global_irq 9 high level)
Nov 13 09:54:57 ivi_box kernel: ACPI: IRQ0 used by override.
Nov 13 09:54:57 ivi_box kernel: ACPI: IRQ2 used by override.
Nov 13 09:54:57 ivi_box kernel: ACPI: IRQ9 used by override.
Nov 13 09:54:57 ivi_box kernel: Using ACPI (MADT) for SMP configuration information
Nov 13 09:54:57 ivi_box kernel: ACPI: HPET id: 0x8086a201 base: 0xfed00000
Nov 13 09:54:57 ivi_box kernel: smpboot: Allowing 2 CPUs, 0 hotplug CPUs
Nov 13 09:54:57 ivi_box kernel: nr_irqs_gsi: 103
Nov 13 09:54:57 ivi_box kernel: PM: Registered nosave memory: [mem 0x0008f000-0x0008ffff]
Nov 13 09:54:57 ivi_box kernel: PM: Registered nosave memory: [mem 0x000a0000-0x000fffff]
Nov 13 09:54:57 ivi_box kernel: PM: Registered nosave memory: [mem 0x20000000-0x200fffff]
Nov 13 09:54:57 ivi_box kernel: e820: [mem 0x7f000000-0xdfffffff] available for PCI devices
Nov 13 09:54:57 ivi_box kernel: setup_percpu: NR_CPUS:8 nr_cpumask_bits:8 nr_cpu_ids:2 nr_node_ids:1
Nov 13 09:54:57 ivi_box kernel: PERCPU: Embedded 13 pages/cpu @f6cd8000 s31424 r0 d21824 u53248
Nov 13 09:54:57 ivi_box kernel: pcpu-alloc: s31424 r0 d21824 u53248 alloc=13*4096
Nov 13 09:54:57 ivi_box kernel: pcpu-alloc: [0] 0 [0] 1 
Nov 13 09:54:57 ivi_box kernel: Built 1 zonelists in Zone order, mobility grouping on.  Total pages: 487754
Nov 13 09:54:57 ivi_box kernel: Kernel command line: rootwait rootfstype=ext4 quiet root=PARTUUID=AD3F805B-8E02-47E3-8AF1-AE981DB5DA7F
Nov 13 09:54:57 ivi_box kernel: PID hash table entries: 4096 (order: 2, 16384 bytes)
Nov 13 09:54:57 ivi_box kernel: Dentry cache hash table entries: 131072 (order: 7, 524288 bytes)
Nov 13 09:54:57 ivi_box kernel: Inode-cache hash table entries: 65536 (order: 6, 262144 bytes)
Nov 13 09:54:57 ivi_box kernel: Initializing CPU#0
Nov 13 09:54:57 ivi_box kernel: allocated 3932152 bytes of page_cgroup
Nov 13 09:54:57 ivi_box kernel: please try 'cgroup_disable=memory' option if you don't want memory cgroups
Nov 13 09:54:57 ivi_box kernel: Initializing HighMem for node 0 (00037bfe:00078000)
Nov 13 09:54:57 ivi_box kernel: Initializing Movable for node 0 (00000000:00000000)
Nov 13 09:54:57 ivi_box kernel: Memory: 1692396K/1958152K available (4161K kernel code, 381K rwdata, 2156K rodata, 456K init, 524K bss, 265756K reserved, 808488K highmem)
Nov 13 09:54:57 ivi_box kernel: virtual kernel memory layout:
                                    fixmap  : 0xfff16000 - 0xfffff000   ( 932 kB)
                                    pkmap   : 0xffc00000 - 0xffe00000   (2048 kB)
                                    vmalloc : 0xf83fe000 - 0xffbfe000   ( 120 MB)
                                    lowmem  : 0xc0000000 - 0xf7bfe000   ( 891 MB)
                                      .init : 0xc1a8d000 - 0xc1aff000   ( 456 kB)
                                      .data : 0xc1810a70 - 0xc1a8c6c0   (2543 kB)
                                      .text : 0xc1400000 - 0xc1810a70   (4162 kB)
Nov 13 09:54:57 ivi_box kernel: Checking if this processor honours the WP bit even in supervisor mode...Ok.
Nov 13 09:54:57 ivi_box kernel: SLUB: HWalign=64, Order=0-3, MinObjects=0, CPUs=2, Nodes=1
Nov 13 09:54:57 ivi_box kernel: Preemptible hierarchical RCU implementation.
Nov 13 09:54:57 ivi_box kernel:         Dump stacks of tasks blocking RCU-preempt GP.
Nov 13 09:54:57 ivi_box kernel:         RCU restricting CPUs from NR_CPUS=8 to nr_cpu_ids=2.
Nov 13 09:54:57 ivi_box kernel: RCU: Adjusting geometry for rcu_fanout_leaf=16, nr_cpu_ids=2
Nov 13 09:54:57 ivi_box kernel: NR_IRQS:2304 nr_irqs:512 16
Nov 13 09:54:57 ivi_box kernel: CPU 0 irqstacks, hard=f640c000 soft=f640e000
Nov 13 09:54:57 ivi_box kernel: Console: colour dummy device 80x25
Nov 13 09:54:57 ivi_box kernel: console [tty0] enabled
Nov 13 09:54:57 ivi_box kernel: hpet clockevent registered
Nov 13 09:54:57 ivi_box kernel: Maximum core-clock to bus-clock ratio: 0x15
Nov 13 09:54:57 ivi_box kernel: Resolved frequency ID: 0, frequency: 83200 KHz
Nov 13 09:54:57 ivi_box kernel: TSC runs at 1747200 KHz
Nov 13 09:54:57 ivi_box kernel: lapic_timer_frequency = 83200
Nov 13 09:54:57 ivi_box kernel: tsc: Detected 1747.200 MHz processor
Nov 13 09:54:57 ivi_box kernel: Calibrating delay loop (skipped), value calculated using timer frequency.. 3494.40 BogoMIPS (lpj=1747200)
Nov 13 09:54:57 ivi_box kernel: pid_max: default: 32768 minimum: 301
Nov 13 09:54:57 ivi_box kernel: ACPI: Core revision 20131218
Nov 13 09:54:57 ivi_box kernel: ACPI: All ACPI Tables successfully acquired
Nov 13 09:54:57 ivi_box kernel: vmap allocation for size 268439552 failed: use vmalloc=<size> to increase size.
Nov 13 09:54:57 ivi_box kernel: efi: ioremap of 0xE0000000 failed!
Nov 13 09:54:57 ivi_box kernel: Security Framework initialized
Nov 13 09:54:57 ivi_box kernel: Smack:  Initializing.
Nov 13 09:54:57 ivi_box kernel: Mount-cache hash table entries: 2048 (order: 1, 8192 bytes)
Nov 13 09:54:57 ivi_box kernel: Mountpoint-cache hash table entries: 2048 (order: 1, 8192 bytes)
Nov 13 09:54:57 ivi_box kernel: Initializing cgroup subsys memory
Nov 13 09:54:57 ivi_box kernel: Initializing cgroup subsys devices
Nov 13 09:54:57 ivi_box kernel: Initializing cgroup subsys freezer
Nov 13 09:54:57 ivi_box kernel: Initializing cgroup subsys net_cls
Nov 13 09:54:57 ivi_box kernel: Initializing cgroup subsys blkio
Nov 13 09:54:57 ivi_box kernel: CPU: Physical Processor ID: 0
Nov 13 09:54:57 ivi_box kernel: CPU: Processor Core ID: 0
Nov 13 09:54:57 ivi_box kernel: ENERGY_PERF_BIAS: Set to 'normal', was 'performance'
                                ENERGY_PERF_BIAS: View and update with x86_energy_perf_policy(8)
Nov 13 09:54:57 ivi_box kernel: mce: CPU supports 6 MCE banks
Nov 13 09:54:57 ivi_box kernel: CPU0: Thermal monitoring enabled (TM1)
Nov 13 09:54:57 ivi_box kernel: Last level iTLB entries: 4KB 48, 2MB 0, 4MB 0
                                Last level dTLB entries: 4KB 128, 2MB 16, 4MB 16, 1GB 0
                                tlb_flushall_shift: 6
Nov 13 09:54:57 ivi_box kernel: Freeing SMP alternatives memory: 12K (c1aff000 - c1b02000)
Nov 13 09:54:57 ivi_box kernel: Enabling APIC mode:  Flat.  Using 1 I/O APICs
Nov 13 09:54:57 ivi_box kernel: ..TIMER: vector=0x30 apic1=0 pin1=2 apic2=0 pin2=0
Nov 13 09:54:57 ivi_box kernel: smpboot: CPU0: Intel(R) Atom(TM) CPU  E3827  @ 1.74GHz (fam: 06, model: 37, stepping: 03)
Nov 13 09:54:57 ivi_box kernel: TSC deadline timer enabled
Nov 13 09:54:57 ivi_box kernel: Performance Events: PEBS fmt2+, 8-deep LBR, Silvermont events, full-width counters, Intel PMU driver.
Nov 13 09:54:57 ivi_box kernel: ... version:                3
Nov 13 09:54:57 ivi_box kernel: ... bit width:              40
Nov 13 09:54:57 ivi_box kernel: ... generic registers:      2
Nov 13 09:54:57 ivi_box kernel: ... value mask:             000000ffffffffff
Nov 13 09:54:57 ivi_box kernel: ... max period:             000000ffffffffff
Nov 13 09:54:57 ivi_box kernel: ... fixed-purpose events:   3
Nov 13 09:54:57 ivi_box kernel: ... event mask:             0000000700000003
Nov 13 09:54:57 ivi_box kernel: CPU 1 irqstacks, hard=f64ce000 soft=f64d8000
Nov 13 09:54:57 ivi_box kernel: x86: Booting SMP configuration:
Nov 13 09:54:57 ivi_box kernel: .... node  #0, CPUs:      #1
Nov 13 09:54:57 ivi_box kernel: Initializing CPU#1
Nov 13 09:54:57 ivi_box kernel: NMI watchdog: enabled on all CPUs, permanently consumes one hw-PMU counter.
Nov 13 09:54:57 ivi_box kernel: x86: Booted up 1 node, 2 CPUs
Nov 13 09:54:57 ivi_box kernel: smpboot: Total of 2 processors activated (6988.80 BogoMIPS)
Nov 13 09:54:57 ivi_box kernel: devtmpfs: initialized
Nov 13 09:54:57 ivi_box kernel: PM: Registering ACPI NVS region [mem 0x0008f000-0x0008ffff] (4096 bytes)
Nov 13 09:54:57 ivi_box kernel: PM: Registering ACPI NVS region [mem 0x77878000-0x77972fff] (1028096 bytes)
Nov 13 09:54:57 ivi_box kernel: pinctrl core: initialized pinctrl subsystem
Nov 13 09:54:57 ivi_box kernel: NET: Registered protocol family 16
Nov 13 09:54:57 ivi_box kernel: cpuidle: using governor ladder
Nov 13 09:54:57 ivi_box kernel: cpuidle: using governor menu
Nov 13 09:54:57 ivi_box kernel: ACPI: bus type PCI registered
Nov 13 09:54:57 ivi_box kernel: PCI: MMCONFIG for domain 0000 [bus 00-ff] at [mem 0xe0000000-0xefffffff] (base 0xe0000000)
Nov 13 09:54:57 ivi_box kernel: PCI: MMCONFIG at [mem 0xe0000000-0xefffffff] reserved in E820
Nov 13 09:54:57 ivi_box kernel: PCI: Using MMCONFIG for extended config space
Nov 13 09:54:57 ivi_box kernel: PCI: Using configuration type 1 for base access
Nov 13 09:54:57 ivi_box kernel: bio: create slab <bio-0> at 0
Nov 13 09:54:57 ivi_box kernel: ACPI: Added _OSI(Module Device)
Nov 13 09:54:57 ivi_box kernel: ACPI: Added _OSI(Processor Device)
Nov 13 09:54:57 ivi_box kernel: ACPI: Added _OSI(3.0 _SCP Extensions)
Nov 13 09:54:57 ivi_box kernel: ACPI: Added _OSI(Processor Aggregator Device)
Nov 13 09:54:57 ivi_box kernel: ACPI: SSDT 77861a90 000353 (v01  PmRef  Cpu0Ist 00003000 INTL 20061109)
Nov 13 09:54:57 ivi_box kernel: ACPI: Dynamic OEM Table Load:
Nov 13 09:54:57 ivi_box kernel: ACPI: SSDT   (null) 000353 (v01  PmRef  Cpu0Ist 00003000 INTL 20061109)
Nov 13 09:54:57 ivi_box kernel: ACPI: SSDT 77860910 000433 (v01  PmRef  Cpu0Cst 00003001 INTL 20061109)
Nov 13 09:54:57 ivi_box kernel: ACPI: Dynamic OEM Table Load:
Nov 13 09:54:57 ivi_box kernel: ACPI: SSDT   (null) 000433 (v01  PmRef  Cpu0Cst 00003001 INTL 20061109)
Nov 13 09:54:57 ivi_box kernel: ACPI: SSDT 77862c10 00015F (v01  PmRef    ApIst 00003000 INTL 20061109)
Nov 13 09:54:57 ivi_box kernel: ACPI: Dynamic OEM Table Load:
Nov 13 09:54:57 ivi_box kernel: ACPI: SSDT   (null) 00015F (v01  PmRef    ApIst 00003000 INTL 20061109)
Nov 13 09:54:57 ivi_box kernel: ACPI: SSDT 77862f10 00008D (v01  PmRef    ApCst 00003000 INTL 20061109)
Nov 13 09:54:57 ivi_box kernel: ACPI: Dynamic OEM Table Load:
Nov 13 09:54:57 ivi_box kernel: ACPI: SSDT   (null) 00008D (v01  PmRef    ApCst 00003000 INTL 20061109)
Nov 13 09:54:57 ivi_box kernel: ACPI: Interpreter enabled
Nov 13 09:54:57 ivi_box kernel: ACPI Exception: AE_NOT_FOUND, While evaluating Sleep State [\_S1_] (20131218/hwxface-580)
Nov 13 09:54:57 ivi_box kernel: ACPI Exception: AE_NOT_FOUND, While evaluating Sleep State [\_S2_] (20131218/hwxface-580)
Nov 13 09:54:57 ivi_box kernel: ACPI: (supports S0 S3 S4 S5)
Nov 13 09:54:57 ivi_box kernel: ACPI: Using IOAPIC for interrupt routing
Nov 13 09:54:57 ivi_box kernel: PCI: Using host bridge windows from ACPI; if necessary, use "pci=nocrs" and report a bug
Nov 13 09:54:57 ivi_box kernel: ACPI: Power Resource [USBC] (on)
Nov 13 09:54:57 ivi_box kernel: ACPI: Power Resource [PLPE] (on)
Nov 13 09:54:57 ivi_box kernel: ACPI: Power Resource [PLPE] (on)
Nov 13 09:54:57 ivi_box kernel: ACPI: Power Resource [CLK0] (on)
Nov 13 09:54:57 ivi_box kernel: ACPI: Power Resource [CLK1] (on)
Nov 13 09:54:57 ivi_box kernel: ACPI: Power Resource [FN00] (off)
Nov 13 09:54:57 ivi_box kernel: ACPI: PCI Root Bridge [PCI0] (domain 0000 [bus 00-ff])
Nov 13 09:54:57 ivi_box kernel: acpi PNP0A08:00: _OSC: OS supports [ExtendedConfig ASPM ClockPM Segments MSI]
Nov 13 09:54:57 ivi_box kernel: \_SB_.PCI0:_OSC invalid UUID
Nov 13 09:54:57 ivi_box kernel: _OSC request data:1 1f 0 
Nov 13 09:54:57 ivi_box kernel: acpi PNP0A08:00: _OSC failed (AE_ERROR); disabling ASPM
Nov 13 09:54:57 ivi_box kernel: PCI host bridge to bus 0000:00
Nov 13 09:54:57 ivi_box kernel: pci_bus 0000:00: root bus resource [bus 00-ff]
Nov 13 09:54:57 ivi_box kernel: pci_bus 0000:00: root bus resource [io  0x0000-0x006f]
Nov 13 09:54:57 ivi_box kernel: pci_bus 0000:00: root bus resource [io  0x0078-0x0cf7]
Nov 13 09:54:57 ivi_box kernel: pci_bus 0000:00: root bus resource [io  0x0d00-0xffff]
Nov 13 09:54:57 ivi_box kernel: pci_bus 0000:00: root bus resource [mem 0x000a0000-0x000bffff]
Nov 13 09:54:57 ivi_box kernel: pci_bus 0000:00: root bus resource [mem 0x000c0000-0x000dffff]
Nov 13 09:54:57 ivi_box kernel: pci_bus 0000:00: root bus resource [mem 0x000e0000-0x000fffff]
Nov 13 09:54:57 ivi_box kernel: pci_bus 0000:00: root bus resource [mem 0x80000000-0xd081cffe]
Nov 13 09:54:57 ivi_box kernel: pci 0000:00:00.0: [8086:0f00] type 00 class 0x060000
Nov 13 09:54:57 ivi_box kernel: pci 0000:00:02.0: [8086:0f31] type 00 class 0x030000
Nov 13 09:54:57 ivi_box kernel: pci 0000:00:02.0: reg 0x10: [mem 0xd0000000-0xd03fffff]
Nov 13 09:54:57 ivi_box kernel: pci 0000:00:02.0: reg 0x18: [mem 0xc0000000-0xcfffffff pref]
Nov 13 09:54:57 ivi_box kernel: pci 0000:00:02.0: reg 0x20: [io  0xe080-0xe087]
Nov 13 09:54:57 ivi_box kernel: pci 0000:00:12.0: [8086:0f16] type 00 class 0x080501
Nov 13 09:54:57 ivi_box kernel: pci 0000:00:12.0: reg 0x10: [mem 0xd081a000-0xd081afff]
Nov 13 09:54:57 ivi_box kernel: pci 0000:00:12.0: reg 0x14: [mem 0xd0819000-0xd0819fff]
Nov 13 09:54:57 ivi_box kernel: pci 0000:00:12.0: PME# supported from D0 D3hot
Nov 13 09:54:57 ivi_box kernel: pci 0000:00:13.0: [8086:0f23] type 00 class 0x010601
Nov 13 09:54:57 ivi_box kernel: pci 0000:00:13.0: reg 0x10: [io  0xe070-0xe077]
Nov 13 09:54:57 ivi_box kernel: pci 0000:00:13.0: reg 0x14: [io  0xe060-0xe063]
Nov 13 09:54:57 ivi_box kernel: pci 0000:00:13.0: reg 0x18: [io  0xe050-0xe057]
Nov 13 09:54:57 ivi_box kernel: pci 0000:00:13.0: reg 0x1c: [io  0xe040-0xe043]
Nov 13 09:54:57 ivi_box kernel: pci 0000:00:13.0: reg 0x20: [io  0xe020-0xe03f]
Nov 13 09:54:57 ivi_box kernel: pci 0000:00:13.0: reg 0x24: [mem 0xd0818000-0xd08187ff]
Nov 13 09:54:57 ivi_box kernel: pci 0000:00:13.0: PME# supported from D3hot
Nov 13 09:54:57 ivi_box kernel: pci 0000:00:1a.0: [8086:0f18] type 00 class 0x108000
Nov 13 09:54:57 ivi_box kernel: pci 0000:00:1a.0: reg 0x10: [mem 0xd0500000-0xd05fffff]
Nov 13 09:54:57 ivi_box kernel: pci 0000:00:1a.0: reg 0x14: [mem 0xd0400000-0xd04fffff]
Nov 13 09:54:57 ivi_box kernel: pci 0000:00:1a.0: PME# supported from D0 D3hot
Nov 13 09:54:57 ivi_box kernel: pci 0000:00:1b.0: [8086:0f04] type 00 class 0x040300
Nov 13 09:54:57 ivi_box kernel: pci 0000:00:1b.0: reg 0x10: [mem 0xd0804000-0xd0807fff 64bit]
Nov 13 09:54:57 ivi_box kernel: pci 0000:00:1b.0: PME# supported from D0 D3hot D3cold
Nov 13 09:54:57 ivi_box kernel: pci 0000:00:1c.0: [8086:0f48] type 01 class 0x060400
Nov 13 09:54:57 ivi_box kernel: pci 0000:00:1c.0: PME# supported from D0 D3hot D3cold
Nov 13 09:54:57 ivi_box kernel: pci 0000:00:1c.1: [8086:0f4a] type 01 class 0x060400
Nov 13 09:54:57 ivi_box kernel: pci 0000:00:1c.1: PME# supported from D0 D3hot D3cold
Nov 13 09:54:57 ivi_box kernel: pci 0000:00:1c.2: [8086:0f4c] type 01 class 0x060400
Nov 13 09:54:57 ivi_box kernel: pci 0000:00:1c.2: PME# supported from D0 D3hot D3cold
Nov 13 09:54:57 ivi_box kernel: pci 0000:00:1c.3: [8086:0f4e] type 01 class 0x060400
Nov 13 09:54:57 ivi_box kernel: pci 0000:00:1c.3: PME# supported from D0 D3hot D3cold
Nov 13 09:54:57 ivi_box kernel: pci 0000:00:1d.0: [8086:0f34] type 00 class 0x0c0320
Nov 13 09:54:57 ivi_box kernel: pci 0000:00:1d.0: reg 0x10: [mem 0xd0814000-0xd08143ff]
Nov 13 09:54:57 ivi_box kernel: pci 0000:00:1d.0: PME# supported from D0 D3hot D3cold
Nov 13 09:54:57 ivi_box kernel: pci 0000:00:1d.0: System wakeup disabled by ACPI
Nov 13 09:54:57 ivi_box kernel: pci 0000:00:1f.0: [8086:0f1c] type 00 class 0x060100
Nov 13 09:54:57 ivi_box kernel: pci 0000:00:1f.3: [8086:0f12] type 00 class 0x0c0500
Nov 13 09:54:57 ivi_box kernel: pci 0000:00:1f.3: reg 0x10: [mem 0xd080c000-0xd080c01f]
Nov 13 09:54:57 ivi_box kernel: pci 0000:00:1f.3: reg 0x20: [io  0xf000-0xf01f]
Nov 13 09:54:57 ivi_box kernel: pci 0000:01:00.0: [8086:1533] type 00 class 0x020000
Nov 13 09:54:57 ivi_box kernel: pci 0000:01:00.0: reg 0x10: [mem 0xd0700000-0xd077ffff]
Nov 13 09:54:57 ivi_box kernel: pci 0000:01:00.0: reg 0x18: [io  0xd000-0xd01f]
Nov 13 09:54:57 ivi_box kernel: pci 0000:01:00.0: reg 0x1c: [mem 0xd0780000-0xd0783fff]
Nov 13 09:54:57 ivi_box kernel: pci 0000:01:00.0: PME# supported from D0 D3hot D3cold
Nov 13 09:54:57 ivi_box kernel: pci 0000:01:00.0: System wakeup disabled by ACPI
Nov 13 09:54:57 ivi_box kernel: pci 0000:00:1c.0: PCI bridge to [bus 01]
Nov 13 09:54:57 ivi_box kernel: pci 0000:00:1c.0:   bridge window [io  0xd000-0xdfff]
Nov 13 09:54:57 ivi_box kernel: pci 0000:00:1c.0:   bridge window [mem 0xd0700000-0xd07fffff]
Nov 13 09:54:57 ivi_box kernel: pci 0000:02:00.0: [8086:08b1] type 00 class 0x028000
Nov 13 09:54:57 ivi_box kernel: pci 0000:02:00.0: reg 0x10: [mem 0xd0600000-0xd0601fff 64bit]
Nov 13 09:54:57 ivi_box kernel: pci 0000:02:00.0: PME# supported from D0 D3hot D3cold
Nov 13 09:54:57 ivi_box kernel: pci 0000:02:00.0: System wakeup disabled by ACPI
Nov 13 09:54:57 ivi_box kernel: pci 0000:00:1c.1: PCI bridge to [bus 02]
Nov 13 09:54:57 ivi_box kernel: pci 0000:00:1c.1:   bridge window [mem 0xd0600000-0xd06fffff]
Nov 13 09:54:57 ivi_box kernel: pci 0000:00:1c.2: PCI bridge to [bus 03]
Nov 13 09:54:57 ivi_box kernel: pci 0000:00:1c.3: PCI bridge to [bus 04]
Nov 13 09:54:57 ivi_box kernel: pci_bus 0000:00: on NUMA node 0
Nov 13 09:54:57 ivi_box kernel: ACPI: PCI Interrupt Link [LNKA] (IRQs 3 4 5 6 *10 11 12 14 15)
Nov 13 09:54:57 ivi_box kernel: ACPI: PCI Interrupt Link [LNKB] (IRQs 3 *4 5 6 10 11 12 14 15)
Nov 13 09:54:57 ivi_box kernel: ACPI: PCI Interrupt Link [LNKC] (IRQs 3 4 5 6 *10 11 12 14 15)
Nov 13 09:54:57 ivi_box kernel: ACPI: PCI Interrupt Link [LNKD] (IRQs 3 *4 5 6 10 11 12 14 15)
Nov 13 09:54:57 ivi_box kernel: ACPI: PCI Interrupt Link [LNKE] (IRQs 3 4 5 6 10 11 12 14 15) *0, disabled.
Nov 13 09:54:57 ivi_box kernel: ACPI: PCI Interrupt Link [LNKF] (IRQs 3 *4 5 6 10 11 12 14 15)
Nov 13 09:54:57 ivi_box kernel: ACPI: PCI Interrupt Link [LNKG] (IRQs 3 4 5 6 *10 11 12 14 15)
Nov 13 09:54:57 ivi_box kernel: ACPI: PCI Interrupt Link [LNKH] (IRQs 3 4 5 6 *10 11 12 14 15)
Nov 13 09:54:57 ivi_box kernel: ACPI: Enabled 4 GPEs in block 00 to 3F
Nov 13 09:54:57 ivi_box kernel: vgaarb: device added: PCI:0000:00:02.0,decodes=io+mem,owns=io+mem,locks=none
Nov 13 09:54:57 ivi_box kernel: vgaarb: loaded
Nov 13 09:54:57 ivi_box kernel: vgaarb: bridge control possible 0000:00:02.0
Nov 13 09:54:57 ivi_box kernel: SCSI subsystem initialized
Nov 13 09:54:57 ivi_box kernel: libata version 3.00 loaded.
Nov 13 09:54:57 ivi_box kernel: ACPI: bus type USB registered
Nov 13 09:54:57 ivi_box kernel: usbcore: registered new interface driver usbfs
Nov 13 09:54:57 ivi_box kernel: usbcore: registered new interface driver hub
Nov 13 09:54:57 ivi_box kernel: usbcore: registered new device driver usb
Nov 13 09:54:57 ivi_box kernel: PCI: Using ACPI for IRQ routing
Nov 13 09:54:57 ivi_box kernel: PCI: pci_cache_line_size set to 64 bytes
Nov 13 09:54:57 ivi_box kernel: e820: reserve RAM buffer [mem 0x0008f000-0x0008ffff]
Nov 13 09:54:57 ivi_box kernel: e820: reserve RAM buffer [mem 0x683c0010-0x6bffffff]
Nov 13 09:54:57 ivi_box kernel: e820: reserve RAM buffer [mem 0x77838000-0x77ffffff]
Nov 13 09:54:57 ivi_box kernel: e820: reserve RAM buffer [mem 0x77da3000-0x77ffffff]
Nov 13 09:54:57 ivi_box kernel: NetLabel: Initializing
Nov 13 09:54:57 ivi_box kernel: NetLabel:  domain hash size = 128
Nov 13 09:54:57 ivi_box kernel: NetLabel:  protocols = UNLABELED CIPSOv4
Nov 13 09:54:57 ivi_box kernel: NetLabel:  unlabeled traffic allowed by default
Nov 13 09:54:57 ivi_box kernel: hpet0: at MMIO 0xfed00000, IRQs 2, 8, 0
Nov 13 09:54:57 ivi_box kernel: hpet0: 3 comparators, 64-bit 14.318180 MHz counter
Nov 13 09:54:57 ivi_box kernel: Switched to clocksource hpet
Nov 13 09:54:57 ivi_box kernel: pnp: PnP ACPI init
Nov 13 09:54:57 ivi_box kernel: ACPI: bus type PNP registered
Nov 13 09:54:57 ivi_box kernel: pnp 00:00: Plug and Play ACPI device, IDs PNP0b00 (active)
Nov 13 09:54:57 ivi_box kernel: pnp 00:01: Plug and Play ACPI device, IDs PNP0103 (active)
Nov 13 09:54:57 ivi_box kernel: pnp 00:02: Plug and Play ACPI device, IDs INT0800 (active)
Nov 13 09:54:57 ivi_box kernel: system 00:03: [io  0x0680-0x069f] has been reserved
Nov 13 09:54:57 ivi_box kernel: system 00:03: [io  0x0400-0x047f] has been reserved
Nov 13 09:54:57 ivi_box kernel: system 00:03: [io  0x0500-0x05fe] has been reserved
Nov 13 09:54:57 ivi_box kernel: system 00:03: [io  0x0e90-0x0e9f] has been reserved
Nov 13 09:54:57 ivi_box kernel: system 00:03: [io  0x0ed0-0x0edf] has been reserved
Nov 13 09:54:57 ivi_box kernel: system 00:03: [io  0x0ee0-0x0eef] has been reserved
Nov 13 09:54:57 ivi_box kernel: system 00:03: Plug and Play ACPI device, IDs PNP0c02 (active)
Nov 13 09:54:57 ivi_box kernel: system 00:04: [io  0x0a00-0x0a1f] has been reserved
Nov 13 09:54:57 ivi_box kernel: system 00:04: [io  0x0a20-0x0a2f] has been reserved
Nov 13 09:54:57 ivi_box kernel: system 00:04: [io  0x0a30-0x0a3f] has been reserved
Nov 13 09:54:57 ivi_box kernel: system 00:04: Plug and Play ACPI device, IDs PNP0c02 (active)
Nov 13 09:54:57 ivi_box kernel: pnp 00:05: [dma 0 disabled]
Nov 13 09:54:57 ivi_box kernel: pnp 00:05: Plug and Play ACPI device, IDs PNP0501 (active)
Nov 13 09:54:57 ivi_box kernel: pnp 00:06: [dma 0 disabled]
Nov 13 09:54:57 ivi_box kernel: pnp 00:06: Plug and Play ACPI device, IDs PNP0501 (active)
Nov 13 09:54:57 ivi_box kernel: ACPI: IRQ 11 override to edge, high
Nov 13 09:54:57 ivi_box kernel: pnp 00:07: [dma 0 disabled]
Nov 13 09:54:57 ivi_box kernel: pnp 00:07: Plug and Play ACPI device, IDs PNP0501 (active)
Nov 13 09:54:57 ivi_box kernel: ACPI: IRQ 10 override to edge, high
Nov 13 09:54:57 ivi_box kernel: pnp 00:08: [dma 0 disabled]
Nov 13 09:54:57 ivi_box kernel: pnp 00:08: Plug and Play ACPI device, IDs PNP0501 (active)
Nov 13 09:54:57 ivi_box kernel: ACPI: IRQ 6 override to edge, high
Nov 13 09:54:57 ivi_box kernel: pnp 00:09: [dma 0 disabled]
Nov 13 09:54:57 ivi_box kernel: pnp 00:09: Plug and Play ACPI device, IDs PNP0501 (active)
Nov 13 09:54:57 ivi_box kernel: ACPI: IRQ 7 override to edge, high
Nov 13 09:54:57 ivi_box kernel: pnp 00:0a: [dma 0 disabled]
Nov 13 09:54:57 ivi_box kernel: pnp 00:0a: Plug and Play ACPI device, IDs PNP0501 (active)
Nov 13 09:54:57 ivi_box kernel: pnp 00:0b: Plug and Play ACPI device, IDs INT33fc (active)
Nov 13 09:54:57 ivi_box kernel: pnp 00:0c: Plug and Play ACPI device, IDs INT33fc (active)
Nov 13 09:54:57 ivi_box kernel: system 00:0d: [mem 0xe0000000-0xefffffff] has been reserved
Nov 13 09:54:57 ivi_box kernel: system 00:0d: [mem 0xfed01000-0xfed01fff] has been reserved
Nov 13 09:54:57 ivi_box kernel: system 00:0d: [mem 0xfed03000-0xfed03fff] has been reserved
Nov 13 09:54:57 ivi_box kernel: system 00:0d: [mem 0xfed04000-0xfed04fff] has been reserved
Nov 13 09:54:57 ivi_box kernel: system 00:0d: [mem 0xfed08000-0xfed08fff] has been reserved
Nov 13 09:54:57 ivi_box kernel: system 00:0d: [mem 0xfed1c000-0xfed1cfff] has been reserved
Nov 13 09:54:57 ivi_box kernel: system 00:0d: [mem 0xfee00000-0xfeefffff] could not be reserved
Nov 13 09:54:57 ivi_box kernel: system 00:0d: [mem 0xfef00000-0xfeffffff] has been reserved
Nov 13 09:54:57 ivi_box kernel: system 00:0d: Plug and Play ACPI device, IDs PNP0c02 (active)
Nov 13 09:54:57 ivi_box kernel: pnp: PnP ACPI: found 14 devices
Nov 13 09:54:57 ivi_box kernel: ACPI: bus type PNP unregistered
Nov 13 09:54:57 ivi_box kernel: pci 0000:00:1c.0: bridge window [mem 0x00100000-0x000fffff 64bit pref] to [bus 01] add_size 200000
Nov 13 09:54:57 ivi_box kernel: pci 0000:00:1c.1: bridge window [io  0x1000-0x0fff] to [bus 02] add_size 1000
Nov 13 09:54:57 ivi_box kernel: pci 0000:00:1c.1: bridge window [mem 0x00100000-0x000fffff 64bit pref] to [bus 02] add_size 200000
Nov 13 09:54:57 ivi_box kernel: pci 0000:00:1c.2: bridge window [io  0x1000-0x0fff] to [bus 03] add_size 1000
Nov 13 09:54:57 ivi_box kernel: pci 0000:00:1c.2: bridge window [mem 0x00100000-0x000fffff 64bit pref] to [bus 03] add_size 200000
Nov 13 09:54:57 ivi_box kernel: pci 0000:00:1c.2: bridge window [mem 0x00100000-0x000fffff] to [bus 03] add_size 200000
Nov 13 09:54:57 ivi_box kernel: pci 0000:00:1c.3: bridge window [io  0x1000-0x0fff] to [bus 04] add_size 1000
Nov 13 09:54:57 ivi_box kernel: pci 0000:00:1c.3: bridge window [mem 0x00100000-0x000fffff 64bit pref] to [bus 04] add_size 200000
Nov 13 09:54:57 ivi_box kernel: pci 0000:00:1c.3: bridge window [mem 0x00100000-0x000fffff] to [bus 04] add_size 200000
Nov 13 09:54:57 ivi_box kernel: pci 0000:00:1c.0: res[9]=[mem 0x00100000-0x000fffff 64bit pref] get_res_add_size add_size 200000
Nov 13 09:54:57 ivi_box kernel: pci 0000:00:1c.1: res[9]=[mem 0x00100000-0x000fffff 64bit pref] get_res_add_size add_size 200000
Nov 13 09:54:57 ivi_box kernel: pci 0000:00:1c.2: res[8]=[mem 0x00100000-0x000fffff] get_res_add_size add_size 200000
Nov 13 09:54:57 ivi_box kernel: pci 0000:00:1c.2: res[9]=[mem 0x00100000-0x000fffff 64bit pref] get_res_add_size add_size 200000
Nov 13 09:54:57 ivi_box kernel: pci 0000:00:1c.3: res[8]=[mem 0x00100000-0x000fffff] get_res_add_size add_size 200000
Nov 13 09:54:57 ivi_box kernel: pci 0000:00:1c.3: res[9]=[mem 0x00100000-0x000fffff 64bit pref] get_res_add_size add_size 200000
Nov 13 09:54:57 ivi_box kernel: pci 0000:00:1c.1: res[7]=[io  0x1000-0x0fff] get_res_add_size add_size 1000
Nov 13 09:54:57 ivi_box kernel: pci 0000:00:1c.2: res[7]=[io  0x1000-0x0fff] get_res_add_size add_size 1000
Nov 13 09:54:57 ivi_box kernel: pci 0000:00:1c.3: res[7]=[io  0x1000-0x0fff] get_res_add_size add_size 1000
Nov 13 09:54:57 ivi_box kernel: pci 0000:00:1c.0: BAR 9: assigned [mem 0x80000000-0x801fffff 64bit pref]
Nov 13 09:54:57 ivi_box kernel: pci 0000:00:1c.1: BAR 9: assigned [mem 0x80200000-0x803fffff 64bit pref]
Nov 13 09:54:57 ivi_box kernel: pci 0000:00:1c.2: BAR 8: assigned [mem 0x80400000-0x805fffff]
Nov 13 09:54:57 ivi_box kernel: pci 0000:00:1c.2: BAR 9: assigned [mem 0x80600000-0x807fffff 64bit pref]
Nov 13 09:54:57 ivi_box kernel: pci 0000:00:1c.3: BAR 8: assigned [mem 0x80800000-0x809fffff]
Nov 13 09:54:57 ivi_box kernel: pci 0000:00:1c.3: BAR 9: assigned [mem 0x80a00000-0x80bfffff 64bit pref]
Nov 13 09:54:57 ivi_box kernel: pci 0000:00:1c.1: BAR 7: assigned [io  0x1000-0x1fff]
Nov 13 09:54:57 ivi_box kernel: pci 0000:00:1c.2: BAR 7: assigned [io  0x2000-0x2fff]
Nov 13 09:54:57 ivi_box kernel: pci 0000:00:1c.3: BAR 7: assigned [io  0x3000-0x3fff]
Nov 13 09:54:57 ivi_box kernel: pci 0000:00:1c.0: PCI bridge to [bus 01]
Nov 13 09:54:57 ivi_box kernel: pci 0000:00:1c.0:   bridge window [io  0xd000-0xdfff]
Nov 13 09:54:57 ivi_box kernel: pci 0000:00:1c.0:   bridge window [mem 0xd0700000-0xd07fffff]
Nov 13 09:54:57 ivi_box kernel: pci 0000:00:1c.0:   bridge window [mem 0x80000000-0x801fffff 64bit pref]
Nov 13 09:54:57 ivi_box kernel: pci 0000:00:1c.1: PCI bridge to [bus 02]
Nov 13 09:54:57 ivi_box kernel: pci 0000:00:1c.1:   bridge window [io  0x1000-0x1fff]
Nov 13 09:54:57 ivi_box kernel: pci 0000:00:1c.1:   bridge window [mem 0xd0600000-0xd06fffff]
Nov 13 09:54:57 ivi_box kernel: pci 0000:00:1c.1:   bridge window [mem 0x80200000-0x803fffff 64bit pref]
Nov 13 09:54:57 ivi_box kernel: pci 0000:00:1c.2: PCI bridge to [bus 03]
Nov 13 09:54:57 ivi_box kernel: pci 0000:00:1c.2:   bridge window [io  0x2000-0x2fff]
Nov 13 09:54:57 ivi_box kernel: pci 0000:00:1c.2:   bridge window [mem 0x80400000-0x805fffff]
Nov 13 09:54:57 ivi_box kernel: pci 0000:00:1c.2:   bridge window [mem 0x80600000-0x807fffff 64bit pref]
Nov 13 09:54:57 ivi_box kernel: pci 0000:00:1c.3: PCI bridge to [bus 04]
Nov 13 09:54:57 ivi_box kernel: pci 0000:00:1c.3:   bridge window [io  0x3000-0x3fff]
Nov 13 09:54:57 ivi_box kernel: pci 0000:00:1c.3:   bridge window [mem 0x80800000-0x809fffff]
Nov 13 09:54:57 ivi_box kernel: pci 0000:00:1c.3:   bridge window [mem 0x80a00000-0x80bfffff 64bit pref]
Nov 13 09:54:57 ivi_box kernel: pci_bus 0000:00: resource 4 [io  0x0000-0x006f]
Nov 13 09:54:57 ivi_box kernel: pci_bus 0000:00: resource 5 [io  0x0078-0x0cf7]
Nov 13 09:54:57 ivi_box kernel: pci_bus 0000:00: resource 6 [io  0x0d00-0xffff]
Nov 13 09:54:57 ivi_box kernel: pci_bus 0000:00: resource 7 [mem 0x000a0000-0x000bffff]
Nov 13 09:54:57 ivi_box kernel: pci_bus 0000:00: resource 8 [mem 0x000c0000-0x000dffff]
Nov 13 09:54:57 ivi_box kernel: pci_bus 0000:00: resource 9 [mem 0x000e0000-0x000fffff]
Nov 13 09:54:57 ivi_box kernel: pci_bus 0000:00: resource 10 [mem 0x80000000-0xd081cffe]
Nov 13 09:54:57 ivi_box kernel: pci_bus 0000:01: resource 0 [io  0xd000-0xdfff]
Nov 13 09:54:57 ivi_box kernel: pci_bus 0000:01: resource 1 [mem 0xd0700000-0xd07fffff]
Nov 13 09:54:57 ivi_box kernel: pci_bus 0000:01: resource 2 [mem 0x80000000-0x801fffff 64bit pref]
Nov 13 09:54:57 ivi_box kernel: pci_bus 0000:02: resource 0 [io  0x1000-0x1fff]
Nov 13 09:54:57 ivi_box kernel: pci_bus 0000:02: resource 1 [mem 0xd0600000-0xd06fffff]
Nov 13 09:54:57 ivi_box kernel: pci_bus 0000:02: resource 2 [mem 0x80200000-0x803fffff 64bit pref]
Nov 13 09:54:57 ivi_box kernel: pci_bus 0000:03: resource 0 [io  0x2000-0x2fff]
Nov 13 09:54:57 ivi_box kernel: pci_bus 0000:03: resource 1 [mem 0x80400000-0x805fffff]
Nov 13 09:54:57 ivi_box kernel: pci_bus 0000:03: resource 2 [mem 0x80600000-0x807fffff 64bit pref]
Nov 13 09:54:57 ivi_box kernel: pci_bus 0000:04: resource 0 [io  0x3000-0x3fff]
Nov 13 09:54:57 ivi_box kernel: pci_bus 0000:04: resource 1 [mem 0x80800000-0x809fffff]
Nov 13 09:54:57 ivi_box kernel: pci_bus 0000:04: resource 2 [mem 0x80a00000-0x80bfffff 64bit pref]
Nov 13 09:54:57 ivi_box kernel: NET: Registered protocol family 2
Nov 13 09:54:57 ivi_box kernel: TCP established hash table entries: 8192 (order: 3, 32768 bytes)
Nov 13 09:54:57 ivi_box kernel: TCP bind hash table entries: 8192 (order: 4, 65536 bytes)
Nov 13 09:54:57 ivi_box kernel: TCP: Hash tables configured (established 8192 bind 8192)
Nov 13 09:54:57 ivi_box kernel: TCP: reno registered
Nov 13 09:54:57 ivi_box kernel: UDP hash table entries: 512 (order: 2, 16384 bytes)
Nov 13 09:54:57 ivi_box kernel: UDP-Lite hash table entries: 512 (order: 2, 16384 bytes)
Nov 13 09:54:57 ivi_box kernel: NET: Registered protocol family 1
Nov 13 09:54:57 ivi_box kernel: pci 0000:00:02.0: Boot video device
Nov 13 09:54:57 ivi_box kernel: PCI: CLS 64 bytes, default 64
Nov 13 09:54:57 ivi_box kernel: microcode: CPU0 sig=0x30673, pf=0x1, revision=0x31e
Nov 13 09:54:57 ivi_box kernel: microcode: CPU1 sig=0x30673, pf=0x1, revision=0x31e
Nov 13 09:54:57 ivi_box kernel: microcode: Microcode Update Driver: v2.00 <tigran@aivazian.fsnet.co.uk>, Peter Oruba
Nov 13 09:54:57 ivi_box kernel: futex hash table entries: 512 (order: 3, 32768 bytes)
Nov 13 09:54:57 ivi_box kernel: bounce pool size: 64 pages
Nov 13 09:54:57 ivi_box kernel: VFS: Disk quotas dquot_6.5.2
Nov 13 09:54:57 ivi_box kernel: Dquot-cache hash table entries: 1024 (order 0, 4096 bytes)
Nov 13 09:54:57 ivi_box kernel: msgmni has been set to 2190
Nov 13 09:54:57 ivi_box kernel: alg: No test for stdrng (krng)
Nov 13 09:54:57 ivi_box kernel: Block layer SCSI generic (bsg) driver version 0.4 loaded (major 253)
Nov 13 09:54:57 ivi_box kernel: io scheduler noop registered
Nov 13 09:54:57 ivi_box kernel: io scheduler cfq registered (default)
Nov 13 09:54:57 ivi_box kernel: intel_idle: does not run on family 6 model 55
Nov 13 09:54:57 ivi_box kernel: input: Power Button as /devices/LNXSYSTM:00/device:00/PNP0C0C:00/input/input0
Nov 13 09:54:57 ivi_box kernel: ACPI: Power Button [PWRB]
Nov 13 09:54:57 ivi_box kernel: input: Sleep Button as /devices/LNXSYSTM:00/device:00/PNP0C0E:00/input/input1
Nov 13 09:54:57 ivi_box kernel: ACPI: Sleep Button [SLPB]
Nov 13 09:54:57 ivi_box kernel: input: Power Button as /devices/LNXSYSTM:00/LNXPWRBN:00/input/input2
Nov 13 09:54:57 ivi_box kernel: ACPI: Power Button [PWRF]
Nov 13 09:54:57 ivi_box kernel: GHES: HEST is not enabled!
Nov 13 09:54:57 ivi_box kernel: Serial: 8250/16550 driver, 5 ports, IRQ sharing disabled
Nov 13 09:54:57 ivi_box kernel: 00:05: ttyS4 at I/O 0x248 (irq = 5, base_baud = 115200) is a 16550A
Nov 13 09:54:57 ivi_box kernel: 00:06: ttyS1 at I/O 0x2f8 (irq = 3, base_baud = 115200) is a 16550A
Nov 13 09:54:57 ivi_box kernel: 00:07: ttyS2 at I/O 0x3e8 (irq = 11, base_baud = 115200) is a 16550A
Nov 13 09:54:57 ivi_box kernel: 00:08: ttyS3 at I/O 0x2e8 (irq = 10, base_baud = 115200) is a 16550A
Nov 13 09:54:57 ivi_box kernel: 00:09: ttyS0 at I/O 0x228 (irq = 6, base_baud = 115200) is a 16550A
Nov 13 09:54:57 ivi_box kernel: serial 00:0a: disabled
Nov 13 09:54:57 ivi_box kernel: Linux agpgart interface v0.103
Nov 13 09:54:57 ivi_box kernel: [drm] Initialized drm 1.1.0 20060810
Nov 13 09:54:57 ivi_box kernel: [drm] Memory usable by graphics device = 2048M
Nov 13 09:54:57 ivi_box kernel: i915 0000:00:02.0: irq 103 for MSI/MSI-X
Nov 13 09:54:57 ivi_box kernel: [drm] Supports vblank timestamp caching Rev 2 (21.10.2013).
Nov 13 09:54:57 ivi_box kernel: [drm] Driver supports precise vblank timestamp query.
Nov 13 09:54:57 ivi_box kernel: vgaarb: device changed decodes: PCI:0000:00:02.0,olddecodes=io+mem,decodes=io+mem:owns=io+mem
Nov 13 09:54:57 ivi_box kernel: [drm] GMBUS [i915 gmbus dpb] timed out, falling back to bit banging on pin 5
Nov 13 09:54:57 ivi_box kernel: fbcon: inteldrmfb (fb0) is primary device
Nov 13 09:54:57 ivi_box kernel: Console: switching to colour frame buffer device 240x67
Nov 13 09:54:57 ivi_box kernel: i915 0000:00:02.0: fb0: inteldrmfb frame buffer device
Nov 13 09:54:57 ivi_box kernel: i915 0000:00:02.0: registered panic notifier
Nov 13 09:54:57 ivi_box kernel: ACPI: Video Device [GFX0] (multi-head: yes  rom: no  post: no)
Nov 13 09:54:57 ivi_box kernel: acpi device:0a: registered as cooling_device0
Nov 13 09:54:57 ivi_box kernel: input: Video Bus as /devices/LNXSYSTM:00/device:00/PNP0A08:00/LNXVIDEO:00/input/input3
Nov 13 09:54:57 ivi_box kernel: [drm] Initialized i915 1.6.0 20080730 for 0000:00:02.0 on minor 0
Nov 13 09:54:57 ivi_box kernel: ahci 0000:00:13.0: version 3.0
Nov 13 09:54:57 ivi_box kernel: ahci 0000:00:13.0: irq 104 for MSI/MSI-X
Nov 13 09:54:57 ivi_box kernel: ahci 0000:00:13.0: AHCI 0001.0300 32 slots 2 ports 3 Gbps 0x1 impl SATA mode
Nov 13 09:54:57 ivi_box kernel: ahci 0000:00:13.0: flags: 64bit ncq pm led clo pio slum part deso sadm sds 
Nov 13 09:54:57 ivi_box kernel: scsi0 : ahci
Nov 13 09:54:57 ivi_box kernel: scsi1 : ahci
Nov 13 09:54:57 ivi_box kernel: ata1: SATA max UDMA/133 abar m2048@0xd0818000 port 0xd0818100 irq 104
Nov 13 09:54:57 ivi_box kernel: ata2: DUMMY
Nov 13 09:54:57 ivi_box kernel: Fusion MPT base driver 3.04.20
Nov 13 09:54:57 ivi_box kernel: Copyright (c) 1999-2008 LSI Corporation
Nov 13 09:54:57 ivi_box kernel: Fusion MPT SPI Host driver 3.04.20
Nov 13 09:54:57 ivi_box kernel: ehci_hcd: USB 2.0 'Enhanced' Host Controller (EHCI) Driver
Nov 13 09:54:57 ivi_box kernel: ehci-pci: EHCI PCI platform driver
Nov 13 09:54:57 ivi_box kernel: ehci-pci 0000:00:1d.0: EHCI Host Controller
Nov 13 09:54:57 ivi_box kernel: ehci-pci 0000:00:1d.0: new USB bus registered, assigned bus number 1
Nov 13 09:54:57 ivi_box kernel: ehci-pci 0000:00:1d.0: debug port 2
Nov 13 09:54:57 ivi_box kernel: ehci-pci 0000:00:1d.0: cache line size of 64 is not supported
Nov 13 09:54:57 ivi_box kernel: ehci-pci 0000:00:1d.0: irq 23, io mem 0xd0814000
Nov 13 09:54:57 ivi_box kernel: ehci-pci 0000:00:1d.0: USB 2.0 started, EHCI 1.00
Nov 13 09:54:57 ivi_box kernel: usb usb1: New USB device found, idVendor=1d6b, idProduct=0002
Nov 13 09:54:57 ivi_box kernel: usb usb1: New USB device strings: Mfr=3, Product=2, SerialNumber=1
Nov 13 09:54:57 ivi_box kernel: usb usb1: Product: EHCI Host Controller
Nov 13 09:54:57 ivi_box kernel: usb usb1: Manufacturer: Linux 3.14.19-10.4-ivi-i386-default ehci_hcd
Nov 13 09:54:57 ivi_box kernel: usb usb1: SerialNumber: 0000:00:1d.0
Nov 13 09:54:57 ivi_box kernel: hub 1-0:1.0: USB hub found
Nov 13 09:54:57 ivi_box kernel: hub 1-0:1.0: 8 ports detected
Nov 13 09:54:57 ivi_box kernel: usbcore: registered new interface driver usb-storage
Nov 13 09:54:57 ivi_box kernel: sdhci: Secure Digital Host Controller Interface driver
Nov 13 09:54:57 ivi_box kernel: sdhci: Copyright(c) Pierre Ossman
Nov 13 09:54:57 ivi_box kernel: sdhci-pci 0000:00:12.0: SDHCI controller found [8086:0f16] (rev c)
Nov 13 09:54:57 ivi_box kernel: mmc0: SDHCI controller on PCI [0000:00:12.0] using ADMA
Nov 13 09:54:57 ivi_box kernel: mmc1: SDHCI controller on ACPI [80860F14:01] using ADMA
Nov 13 09:54:57 ivi_box kernel: mmc2: SDHCI controller on ACPI [INT33BB:00] using ADMA
Nov 13 09:54:57 ivi_box kernel: EFI Variables Facility v0.08 2004-May-17
Nov 13 09:54:57 ivi_box kernel: efivars: duplicate variable: AcpiGlobalVariable-c020489e-6db2-4ef2-9aa5-ca06fc11d36a
Nov 13 09:54:57 ivi_box kernel: hidraw: raw HID events driver (C) Jiri Kosina
Nov 13 09:54:57 ivi_box kernel: usbcore: registered new interface driver usbhid
Nov 13 09:54:57 ivi_box kernel: usbhid: USB HID core driver
Nov 13 09:54:57 ivi_box kernel: Using IPI No-Shortcut mode
Nov 13 09:54:57 ivi_box kernel: registered taskstats version 1
Nov 13 09:54:57 ivi_box kernel: drivers/rtc/hctosys.c: unable to open rtc device (rtc0)
Nov 13 09:54:57 ivi_box kernel: ata1: SATA link up 3.0 Gbps (SStatus 123 SControl 300)
Nov 13 09:54:57 ivi_box kernel: usb 1-1: new high-speed USB device number 2 using ehci-pci
Nov 13 09:54:57 ivi_box kernel: ata1.00: ATA-9: INTEL SSDSC2BW080A4, DC32, max UDMA/133
Nov 13 09:54:57 ivi_box kernel: ata1.00: 156301488 sectors, multi 16: LBA48 NCQ (depth 31/32), AA
Nov 13 09:54:57 ivi_box kernel: tsc: Refined TSC clocksource calibration: 1750.000 MHz
Nov 13 09:54:57 ivi_box kernel: ata1.00: configured for UDMA/133
Nov 13 09:54:57 ivi_box kernel: scsi 0:0:0:0: Direct-Access     ATA      INTEL SSDSC2BW08 DC32 PQ: 0 ANSI: 5
Nov 13 09:54:57 ivi_box kernel: sd 0:0:0:0: Attached scsi generic sg0 type 0
Nov 13 09:54:57 ivi_box kernel: sd 0:0:0:0: [sda] 156301488 512-byte logical blocks: (80.0 GB/74.5 GiB)
Nov 13 09:54:57 ivi_box kernel: sd 0:0:0:0: [sda] Write Protect is off
Nov 13 09:54:57 ivi_box kernel: sd 0:0:0:0: [sda] Mode Sense: 00 3a 00 00
Nov 13 09:54:57 ivi_box kernel: sd 0:0:0:0: [sda] Write cache: enabled, read cache: enabled, doesn't support DPO or FUA
Nov 13 09:54:57 ivi_box kernel:  sda: unknown partition table
Nov 13 09:54:57 ivi_box kernel: sd 0:0:0:0: [sda] Attached SCSI disk
Nov 13 09:54:57 ivi_box kernel: Waiting for root device PARTUUID=AD3F805B-8E02-47E3-8AF1-AE981DB5DA7F...
Nov 13 09:54:57 ivi_box kernel: usb 1-1: New USB device found, idVendor=8087, idProduct=07e6
Nov 13 09:54:57 ivi_box kernel: usb 1-1: New USB device strings: Mfr=0, Product=0, SerialNumber=0
Nov 13 09:54:57 ivi_box kernel: hub 1-1:1.0: USB hub found
Nov 13 09:54:57 ivi_box kernel: hub 1-1:1.0: 4 ports detected
Nov 13 09:54:57 ivi_box kernel: usb 1-1.1: new high-speed USB device number 3 using ehci-pci
Nov 13 09:54:57 ivi_box kernel: [drm] Enabling RC6 states: RC6 off, RC6p off, RC6pp off
Nov 13 09:54:57 ivi_box kernel: usb 1-1.1: New USB device found, idVendor=0781, idProduct=5566
Nov 13 09:54:57 ivi_box kernel: usb 1-1.1: New USB device strings: Mfr=1, Product=2, SerialNumber=3
Nov 13 09:54:57 ivi_box kernel: usb 1-1.1: Product: Cruzer Slice
Nov 13 09:54:57 ivi_box kernel: usb 1-1.1: Manufacturer: SanDisk
Nov 13 09:54:57 ivi_box kernel: usb 1-1.1: SerialNumber: 2005284502138F12D1AA
Nov 13 09:54:57 ivi_box kernel: usb-storage 1-1.1:1.0: USB Mass Storage device detected
Nov 13 09:54:57 ivi_box kernel: scsi2 : usb-storage 1-1.1:1.0
Nov 13 09:54:57 ivi_box kernel: usb 1-1.2: new high-speed USB device number 4 using ehci-pci
Nov 13 09:54:57 ivi_box kernel: usb 1-1.2: New USB device found, idVendor=1a40, idProduct=0201
Nov 13 09:54:57 ivi_box kernel: usb 1-1.2: New USB device strings: Mfr=0, Product=1, SerialNumber=0
Nov 13 09:54:57 ivi_box kernel: usb 1-1.2: Product: USB 2.0 Hub [MTT]
Nov 13 09:54:57 ivi_box kernel: hub 1-1.2:1.0: USB hub found
Nov 13 09:54:57 ivi_box kernel: hub 1-1.2:1.0: 7 ports detected
Nov 13 09:54:57 ivi_box kernel: usb 1-1.4: new high-speed USB device number 5 using ehci-pci
Nov 13 09:54:57 ivi_box kernel: usb 1-1.4: New USB device found, idVendor=05e3, idProduct=0608
Nov 13 09:54:57 ivi_box kernel: usb 1-1.4: New USB device strings: Mfr=0, Product=1, SerialNumber=0
Nov 13 09:54:57 ivi_box kernel: usb 1-1.4: Product: USB2.0 Hub
Nov 13 09:54:57 ivi_box kernel: hub 1-1.4:1.0: USB hub found
Nov 13 09:54:57 ivi_box kernel: hub 1-1.4:1.0: 4 ports detected
Nov 13 09:54:57 ivi_box kernel: usb 1-1.2.4: new low-speed USB device number 6 using ehci-pci
Nov 13 09:54:57 ivi_box kernel: usb 1-1.2.4: New USB device found, idVendor=413c, idProduct=2003
Nov 13 09:54:57 ivi_box kernel: usb 1-1.2.4: New USB device strings: Mfr=1, Product=2, SerialNumber=0
Nov 13 09:54:57 ivi_box kernel: usb 1-1.2.4: Product: Dell USB Keyboard
Nov 13 09:54:57 ivi_box kernel: usb 1-1.2.4: Manufacturer: Dell
Nov 13 09:54:57 ivi_box kernel: input: Dell Dell USB Keyboard as /devices/pci0000:00/0000:00:1d.0/usb1/1-1/1-1.2/1-1.2.4/1-1.2.4:1.0/0003:413C:2003.0001/input/input4
Nov 13 09:54:57 ivi_box kernel: hid-generic 0003:413C:2003.0001: input,hidraw0: USB HID v1.10 Keyboard [Dell Dell USB Keyboard] on usb-0000:00:1d.0-1.2.4/input0
Nov 13 09:54:57 ivi_box kernel: Switched to clocksource tsc
Nov 13 09:54:57 ivi_box kernel: usb 1-1.2.5: new full-speed USB device number 7 using ehci-pci
Nov 13 09:54:57 ivi_box kernel: usb 1-1.2.5: New USB device found, idVendor=0eef, idProduct=7200
Nov 13 09:54:57 ivi_box kernel: usb 1-1.2.5: New USB device strings: Mfr=1, Product=2, SerialNumber=0
Nov 13 09:54:57 ivi_box kernel: usb 1-1.2.5: Product: eGalaxTouch EXC7200-7368v1.010          
Nov 13 09:54:57 ivi_box kernel: usb 1-1.2.5: Manufacturer: eGalax Inc.
Nov 13 09:54:57 ivi_box kernel: usb 1-1.4.1: new full-speed USB device number 8 using ehci-pci
Nov 13 09:54:57 ivi_box kernel: usb 1-1.4.1: New USB device found, idVendor=8087, idProduct=07dc
Nov 13 09:54:57 ivi_box kernel: usb 1-1.4.1: New USB device strings: Mfr=0, Product=0, SerialNumber=0
Nov 13 09:54:57 ivi_box kernel: usb 1-1.4.3: new full-speed USB device number 9 using ehci-pci
Nov 13 09:54:57 ivi_box kernel: usb 1-1.4.3: New USB device found, idVendor=0483, idProduct=91d1
Nov 13 09:54:57 ivi_box kernel: usb 1-1.4.3: New USB device strings: Mfr=1, Product=2, SerialNumber=3
Nov 13 09:54:57 ivi_box kernel: usb 1-1.4.3: Product: ST_SENSOR_HUB
Nov 13 09:54:57 ivi_box kernel: usb 1-1.4.3: Manufacturer: STMicroelectronics
Nov 13 09:54:57 ivi_box kernel: usb 1-1.4.3: SerialNumber: ST_SENSOR_HUB
Nov 13 09:54:57 ivi_box kernel: scsi 2:0:0:0: Direct-Access     SanDisk  Cruzer Slice     1.26 PQ: 0 ANSI: 6
Nov 13 09:54:57 ivi_box kernel: sd 2:0:0:0: Attached scsi generic sg1 type 0
Nov 13 09:54:57 ivi_box kernel: sd 2:0:0:0: [sdb] 15633408 512-byte logical blocks: (8.00 GB/7.45 GiB)
Nov 13 09:54:57 ivi_box kernel: sd 2:0:0:0: [sdb] Write Protect is off
Nov 13 09:54:57 ivi_box kernel: sd 2:0:0:0: [sdb] Mode Sense: 43 00 00 00
Nov 13 09:54:57 ivi_box kernel: sd 2:0:0:0: [sdb] Write cache: disabled, read cache: enabled, doesn't support DPO or FUA
Nov 13 09:54:57 ivi_box kernel: GPT:Primary header thinks Alt. header is not at the end of the disk.
Nov 13 09:54:57 ivi_box kernel: GPT:7301153 != 15633407
Nov 13 09:54:57 ivi_box kernel: GPT:Alternate GPT header not at the end of the disk.
Nov 13 09:54:57 ivi_box kernel: GPT:7301153 != 15633407
Nov 13 09:54:57 ivi_box kernel: GPT: Use GNU Parted to correct GPT errors.
Nov 13 09:54:57 ivi_box kernel:  sdb: sdb1 sdb2
Nov 13 09:54:57 ivi_box kernel: sd 2:0:0:0: [sdb] Attached SCSI disk
Nov 13 09:54:57 ivi_box kernel: EXT4-fs (sdb2): INFO: recovery required on readonly filesystem
Nov 13 09:54:57 ivi_box kernel: EXT4-fs (sdb2): write access will be enabled during recovery
Nov 13 09:54:57 ivi_box kernel: EXT4-fs (sdb2): recovery complete
Nov 13 09:54:57 ivi_box kernel: EXT4-fs (sdb2): mounted filesystem with ordered data mode. Opts: (null)
Nov 13 09:54:57 ivi_box kernel: VFS: Mounted root (ext4 filesystem) readonly on device 8:18.
Nov 13 09:54:57 ivi_box kernel: devtmpfs: mounted
Nov 13 09:54:57 ivi_box kernel: Freeing unused kernel memory: 456K (c1a8d000 - c1aff000)
Nov 13 09:54:57 ivi_box kernel: Write protecting the kernel text: 4164k
Nov 13 09:54:57 ivi_box kernel: Write protecting the kernel read-only data: 2160k
Nov 13 09:54:57 ivi_box kernel: NX-protecting the kernel data: 4028k
Nov 13 09:54:57 ivi_box systemd[1]: Successfully loaded Smack policies.
Nov 13 09:54:57 ivi_box systemd[1]: Successfully loaded Smack/CIPSO policies.
Nov 13 09:54:57 ivi_box systemd[1]: Successfully loaded Smack network host rules.
Nov 13 09:54:57 ivi_box kernel: efivars: duplicate variable: AcpiGlobalVariable-c020489e-6db2-4ef2-9aa5-ca06fc11d36a
Nov 13 09:54:57 ivi_box systemd[1]: Relabelled /dev and /run in 1.995ms.
Nov 13 09:54:57 ivi_box kernel: random: nonblocking pool is initialized
Nov 13 09:54:57 ivi_box systemd[1]: systemd 212 running in system mode. (+PAM -AUDIT -SELINUX +IMA -SYSVINIT -LIBCRYPTSETUP +GCRYPT +ACL +XZ -SECCOMP -APPARMOR)
Nov 13 09:54:57 ivi_box systemd[1]: Detected architecture 'x86'.
Nov 13 09:54:57 ivi_box systemd[1]: Inserted module 'autofs4'
Nov 13 09:54:57 ivi_box kernel: NET: Registered protocol family 10
Nov 13 09:54:57 ivi_box systemd[1]: Inserted module 'ipv6'
Nov 13 09:54:57 ivi_box systemd[1]: [/usr/lib/systemd/system/oma-ds-agent.service:8] Unknown lvalue 'ConditionPathExists' in section 'Service'
Nov 13 09:54:57 ivi_box systemd[1]: Configuration file /usr/lib/systemd/system/smack-rules.service is marked executable. Please remove executable permission bits. Proceeding anyway.
Nov 13 09:54:57 ivi_box systemd[1]: Configuration file /usr/lib/systemd/system/smack-rules.service is marked world-inaccessible. This has no effect as configuration data is accessible via APIs without restrictions. Proceeding anyway.
Nov 13 09:54:57 ivi_box systemd[1]: Cannot add dependency job for unit display-manager.service, ignoring: Unit display-manager.service failed to load: No such file or directory.
Nov 13 09:54:57 ivi_box systemd[1]: Cannot add dependency job for unit regpmon.service, ignoring: Unit rc-sdlevelinit.service failed to load: No such file or directory.
Nov 13 09:54:57 ivi_box systemd[1]: Starting Login Prompts.
Nov 13 09:54:57 ivi_box systemd[1]: Reached target Login Prompts.
Nov 13 09:54:57 ivi_box systemd[1]: Starting Forward Password Requests to Wall Directory Watch.
Nov 13 09:54:57 ivi_box systemd[1]: Started Forward Password Requests to Wall Directory Watch.
Nov 13 09:54:57 ivi_box systemd[1]: Starting Dispatch Password Requests to Console Directory Watch.
Nov 13 09:54:57 ivi_box systemd[1]: Started Dispatch Password Requests to Console Directory Watch.
Nov 13 09:54:57 ivi_box systemd[1]: Starting Arbitrary Executable File Formats File System Automount Point.
Nov 13 09:54:57 ivi_box systemd[1]: Set up automount Arbitrary Executable File Formats File System Automount Point.
Nov 13 09:54:57 ivi_box systemd[1]: Starting Swap.
Nov 13 09:54:57 ivi_box systemd[1]: Reached target Swap.
Nov 13 09:54:57 ivi_box systemd[1]: Expecting device dev-disk-by\x2duuid-1E7C\x2dEEC3.device...
Nov 13 09:54:57 ivi_box systemd[1]: Starting Root Slice.
Nov 13 09:54:57 ivi_box systemd[1]: Created slice Root Slice.
Nov 13 09:54:57 ivi_box systemd[1]: Starting Delayed Shutdown Socket.
Nov 13 09:54:57 ivi_box systemd[1]: Listening on Delayed Shutdown Socket.
Nov 13 09:54:57 ivi_box systemd[1]: Starting /dev/initctl Compatibility Named Pipe.
Nov 13 09:54:57 ivi_box systemd[1]: Listening on /dev/initctl Compatibility Named Pipe.
Nov 13 09:54:57 ivi_box systemd[1]: Starting udev Control Socket.
Nov 13 09:54:57 ivi_box systemd[1]: Listening on udev Control Socket.
Nov 13 09:54:57 ivi_box systemd[1]: Starting udev Kernel Socket.
Nov 13 09:54:57 ivi_box systemd[1]: Listening on udev Kernel Socket.
Nov 13 09:54:57 ivi_box systemd[1]: Starting User and Session Slice.
Nov 13 09:54:57 ivi_box systemd[1]: Created slice User and Session Slice.
Nov 13 09:54:57 ivi_box systemd[1]: Starting Journal Socket.
Nov 13 09:54:57 ivi_box systemd[1]: Listening on Journal Socket.
Nov 13 09:54:57 ivi_box systemd[1]: Starting System Slice.
Nov 13 09:54:57 ivi_box systemd[1]: Created slice System Slice.
Nov 13 09:54:57 ivi_box systemd[1]: Mounting Debug File System...
Nov 13 09:54:57 ivi_box systemd[1]: Starting udev Coldplug all Devices...
Nov 13 09:54:57 ivi_box systemd[1]: Starting Create list of required static device nodes for the current kernel...
Nov 13 09:54:57 ivi_box systemd[1]: Mounted Huge Pages File System.
Nov 13 09:54:57 ivi_box systemd[1]: Mounting POSIX Message Queue File System...
Nov 13 09:54:57 ivi_box systemd[1]: Starting system-user\x2dsession\x2dlaunch.slice.
Nov 13 09:54:57 ivi_box systemd[1]: Created slice system-user\x2dsession\x2dlaunch.slice.
Nov 13 09:54:57 ivi_box systemd[1]: Starting Initialize the VConf storage...
Nov 13 09:54:57 ivi_box systemd[1]: Starting Collect Read-Ahead Data...
Nov 13 09:54:57 ivi_box systemd[1]: Starting Replay Read-Ahead Data...
Nov 13 09:54:57 ivi_box systemd[1]: Starting Journal Service...
Nov 13 09:54:57 ivi_box systemd[1]: Started Journal Service.
Nov 13 09:54:57 ivi_box systemd-readahead[77]: Bumped block_nr parameter of 8:16 to 20480. This is a temporary hack and should be removed one day.
Nov 13 09:54:57 ivi_box systemd-udevd[90]: starting version 212
Nov 13 09:54:57 ivi_box systemd-journal[78]: Journal started
Nov 13 09:54:57 ivi_box systemd[1]: Starting Slices.
Nov 13 09:54:57 ivi_box systemd[1]: Reached target Slices.
Nov 13 09:54:57 ivi_box systemd[1]: Mounting Temporary Directory...
Nov 13 09:54:57 ivi_box systemd[1]: Started Collect Read-Ahead Data.
Nov 13 09:54:57 ivi_box systemd[1]: Started Create list of required static device nodes for the current kernel.
Nov 13 09:54:57 ivi_box systemd[1]: Starting Create Static Device Nodes in /dev...
Nov 13 09:54:57 ivi_box systemd[1]: Started Replay Read-Ahead Data.
Nov 13 09:54:57 ivi_box systemd[1]: Starting Remount Root and Kernel File Systems...
Nov 13 09:54:57 ivi_box systemd[1]: Starting Setup Virtual Console...
Nov 13 09:54:57 ivi_box systemd[1]: Starting Apply Kernel Variables...
Nov 13 09:54:57 ivi_box systemd[1]: Started Load Kernel Modules.
Nov 13 09:54:57 ivi_box kernel: EXT4-fs (sdb2): re-mounted. Opts: (null)
Nov 13 09:54:57 ivi_box systemd[1]: Started Remount Root and Kernel File Systems.
Nov 13 09:54:57 ivi_box systemd[1]: Starting Local File Systems (Pre).
Nov 13 09:54:57 ivi_box systemd[1]: Reached target Local File Systems (Pre).
Nov 13 09:54:57 ivi_box systemd[1]: Starting Load/Save Random Seed...
Nov 13 09:54:57 ivi_box systemd[1]: Started Load/Save Random Seed.
Nov 13 09:54:57 ivi_box kernel: dw_dmac INTL9C60:00: DesignWare DMA Controller, 8 channels
Nov 13 09:54:57 ivi_box kernel: dw_dmac INTL9C60:01: DesignWare DMA Controller, 8 channels
Nov 13 09:54:57 ivi_box kernel: Monitor-Mwait will be used to enter C-1 state
Nov 13 09:54:57 ivi_box kernel: Monitor-Mwait will be used to enter C-2 state
Nov 13 09:54:57 ivi_box kernel: ACPI: acpi_idle registered with cpuidle
Nov 13 09:54:57 ivi_box kernel: rtc_cmos 00:00: RTC can wake from S4
Nov 13 09:54:57 ivi_box kernel: rtc_cmos 00:00: rtc core: registered rtc_cmos as rtc0
Nov 13 09:54:57 ivi_box kernel: rtc_cmos 00:00: alarms up to one month, y3k, 242 bytes nvram, hpet irqs
Nov 13 09:54:57 ivi_box systemd[1]: Starting system-systemd\x2dbacklight.slice.
Nov 13 09:54:57 ivi_box systemd[1]: Created slice system-systemd\x2dbacklight.slice.
Nov 13 09:54:57 ivi_box systemd[1]: Starting Load/Save Screen Backlight Brightness of backlight:acpi_video0...
Nov 13 09:54:57 ivi_box systemd[1]: Started Load/Save Screen Backlight Brightness of backlight:acpi_video0.
Nov 13 09:54:58 ivi_box kernel: Bluetooth: Core ver 2.18
Nov 13 09:54:58 ivi_box kernel: NET: Registered protocol family 31
Nov 13 09:54:58 ivi_box kernel: Bluetooth: HCI device and connection manager initialized
Nov 13 09:54:58 ivi_box kernel: Bluetooth: HCI socket layer initialized
Nov 13 09:54:58 ivi_box kernel: Bluetooth: L2CAP socket layer initialized
Nov 13 09:54:58 ivi_box kernel: Bluetooth: SCO socket layer initialized
Nov 13 09:54:58 ivi_box kernel: thermal LNXTHERM:00: registered as thermal_zone0
Nov 13 09:54:58 ivi_box kernel: ACPI: Thermal Zone [TZ01] (27 C)
Nov 13 09:54:58 ivi_box kernel: ACPI: Fan [FAN0] (off)
Nov 13 09:54:58 ivi_box kernel: usbcore: registered new interface driver btusb
Nov 13 09:54:58 ivi_box kernel: Bluetooth: hci0: read Intel version: 370710018002030d00
Nov 13 09:54:58 ivi_box kernel: dca service started, version 1.12.1
Nov 13 09:54:58 ivi_box kernel: Bluetooth: hci0: Intel Bluetooth firmware file: intel/ibt-hw-37.7.10-fw-1.80.2.3.d.bseq
Nov 13 09:54:58 ivi_box kernel: cfg80211: Calling CRDA to update world regulatory domain
Nov 13 09:54:58 ivi_box kernel: Intel(R) Wireless WiFi driver for Linux, in-tree:
Nov 13 09:54:58 ivi_box kernel: Copyright(c) 2003- 2014 Intel Corporation
Nov 13 09:54:58 ivi_box kernel: iwlwifi 0000:02:00.0: enabling device (0000 -> 0002)
Nov 13 09:54:58 ivi_box kernel: iwlwifi 0000:02:00.0: irq 105 for MSI/MSI-X
Nov 13 09:54:58 ivi_box systemd[1]: Starting Bluetooth.
Nov 13 09:54:58 ivi_box systemd[1]: Reached target Bluetooth.
Nov 13 09:54:58 ivi_box systemd[1]: Starting system-systemd\x2drfkill.slice.
Nov 13 09:54:58 ivi_box systemd[1]: Created slice system-systemd\x2drfkill.slice.
Nov 13 09:54:58 ivi_box systemd[1]: Starting Load/Save RF Kill Switch Status of rfkill0...
Nov 13 09:54:58 ivi_box systemd[1]: Started Load/Save RF Kill Switch Status of rfkill0.
Nov 13 09:54:58 ivi_box kernel: ACPI Warning: SystemIO range 0x0000f000-0x0000f01f conflicts with OpRegion 0x0000f000-0x0000f00f (\_SB_.PCI0.SBUS.SMBI) (20131218/utaddress-258)
Nov 13 09:54:58 ivi_box kernel: ACPI: If an ACPI driver is available for this device, you should use it instead of the native driver
Nov 13 09:54:58 ivi_box kernel: pps_core: LinuxPPS API ver. 1 registered
Nov 13 09:54:58 ivi_box kernel: pps_core: Software ver. 5.3.6 - Copyright 2005-2007 Rodolfo Giometti <giometti@linux.it>
Nov 13 09:54:58 ivi_box kernel: input: eGalax Inc. eGalaxTouch EXC7200-7368v1.010           as /devices/pci0000:00/0000:00:1d.0/usb1/1-1/1-1.2/1-1.2.5/1-1.2.5:1.0/0003:0EEF:7200.0002/input/input5
Nov 13 09:54:58 ivi_box kernel: input: eGalax Inc. eGalaxTouch EXC7200-7368v1.010           Pen as /devices/pci0000:00/0000:00:1d.0/usb1/1-1/1-1.2/1-1.2.5/1-1.2.5:1.0/0003:0EEF:7200.0002/input/input6
Nov 13 09:54:58 ivi_box kernel: hid-multitouch 0003:0EEF:7200.0002: input,hiddev0,hidraw1: USB HID v2.10 Pointer [eGalax Inc. eGalaxTouch EXC7200-7368v1.010          ] on usb-0000:00:1d.0-1.2.5/input0
Nov 13 09:54:58 ivi_box kernel: PTP clock support registered
Nov 13 09:54:58 ivi_box kernel: igb: Intel(R) Gigabit Ethernet Network Driver - version 5.0.5-k
Nov 13 09:54:58 ivi_box kernel: igb: Copyright (c) 2007-2013 Intel Corporation.
Nov 13 09:54:58 ivi_box kernel: igb 0000:01:00.0: enabling device (0000 -> 0002)
Nov 13 09:54:58 ivi_box kernel: igb 0000:01:00.0: irq 106 for MSI/MSI-X
Nov 13 09:54:58 ivi_box kernel: igb 0000:01:00.0: irq 107 for MSI/MSI-X
Nov 13 09:54:58 ivi_box kernel: igb 0000:01:00.0: irq 108 for MSI/MSI-X
Nov 13 09:54:58 ivi_box kernel: igb 0000:01:00.0: irq 109 for MSI/MSI-X
Nov 13 09:54:58 ivi_box kernel: igb 0000:01:00.0: irq 110 for MSI/MSI-X
Nov 13 09:54:58 ivi_box kernel: snd_hda_intel 0000:00:1b.0: irq 111 for MSI/MSI-X
Nov 13 09:54:58 ivi_box kernel: igb 0000:01:00.0: added PHC on eth0
Nov 13 09:54:58 ivi_box kernel: igb 0000:01:00.0: Intel(R) Gigabit Ethernet Network Connection
Nov 13 09:54:58 ivi_box kernel: igb 0000:01:00.0: eth0: (PCIe:2.5Gb/s:Width x1) 00:10:f3:3a:6d:12
Nov 13 09:54:58 ivi_box kernel: igb 0000:01:00.0: eth0: PBA No: 001300-000
Nov 13 09:54:58 ivi_box kernel: igb 0000:01:00.0: Using MSI-X interrupts. 2 rx queue(s), 2 tx queue(s)
Nov 13 09:54:58 ivi_box kernel: Too many HDMI devices
Nov 13 09:54:58 ivi_box kernel: Consider building the kernel with CONFIG_SND_DYNAMIC_MINORS=y
Nov 13 09:54:58 ivi_box kernel: Bluetooth: hci0: Intel Bluetooth firmware patch completed and activated
Nov 13 09:54:58 ivi_box kernel: input: HDA Intel PCH HDMI/DP as /devices/pci0000:00/0000:00:1b.0/sound/card0/input17
Nov 13 09:54:58 ivi_box systemd[1]: Starting Sound Card.
Nov 13 09:54:58 ivi_box systemd[1]: Reached target Sound Card.
Nov 13 09:54:58 ivi_box kernel: input: HDA Intel PCH HDMI/DP,pcm=7 as /devices/pci0000:00/0000:00:1b.0/sound/card0/input16
Nov 13 09:54:58 ivi_box kernel: input: HDA Intel PCH HDMI/DP,pcm=3 as /devices/pci0000:00/0000:00:1b.0/sound/card0/input15
Nov 13 09:54:58 ivi_box kernel: input: HDA Intel PCH Front Headphone as /devices/pci0000:00/0000:00:1b.0/sound/card0/input14
Nov 13 09:54:58 ivi_box kernel: input: HDA Intel PCH Line Out Side as /devices/pci0000:00/0000:00:1b.0/sound/card0/input13
Nov 13 09:54:58 ivi_box kernel: input: HDA Intel PCH Line Out CLFE as /devices/pci0000:00/0000:00:1b.0/sound/card0/input12
Nov 13 09:54:58 ivi_box kernel: input: HDA Intel PCH Line Out Surround as /devices/pci0000:00/0000:00:1b.0/sound/card0/input11
Nov 13 09:54:58 ivi_box kernel: input: HDA Intel PCH Line Out Front as /devices/pci0000:00/0000:00:1b.0/sound/card0/input10
Nov 13 09:54:58 ivi_box kernel: input: HDA Intel PCH Line as /devices/pci0000:00/0000:00:1b.0/sound/card0/input9
Nov 13 09:54:58 ivi_box kernel: input: HDA Intel PCH Mic as /devices/pci0000:00/0000:00:1b.0/sound/card0/input8
Nov 13 09:54:59 ivi_box kernel: igb 0000:01:00.0: removed PHC on eth0
Nov 13 09:54:59 ivi_box kernel: iwlwifi 0000:02:00.0: loaded firmware version 25.222.9.0 op_mode iwlmvm
Nov 13 09:54:59 ivi_box systemd[1]: Started Initialize the VConf storage.
Nov 13 09:54:59 ivi_box kernel: dca service started, version 1.12.1
Nov 13 09:54:59 ivi_box kernel: pps_core: LinuxPPS API ver. 1 registered
Nov 13 09:54:59 ivi_box kernel: pps_core: Software ver. 5.3.6 - Copyright 2005-2007 Rodolfo Giometti <giometti@linux.it>
Nov 13 09:54:59 ivi_box kernel: PTP clock support registered
Nov 13 09:54:59 ivi_box kernel: Intel(R) Gigabit Ethernet Network Driver - version 4.3.1.1_AVB
Nov 13 09:54:59 ivi_box kernel: Copyright (c) 2007-2013 Intel Corporation.
Nov 13 09:54:59 ivi_box kernel: igb: 0000:01:00.0: igb_check_options: VMDq option is not supported.
Nov 13 09:54:59 ivi_box kernel: igb_avb 0000:01:00.0: irq 106 for MSI/MSI-X
Nov 13 09:54:59 ivi_box kernel: igb_avb 0000:01:00.0: irq 107 for MSI/MSI-X
Nov 13 09:54:59 ivi_box kernel: igb_avb 0000:01:00.0: irq 108 for MSI/MSI-X
Nov 13 09:54:59 ivi_box kernel: igb_avb 0000:01:00.0: irq 109 for MSI/MSI-X
Nov 13 09:54:59 ivi_box kernel: igb_avb 0000:01:00.0: irq 110 for MSI/MSI-X
Nov 13 09:54:59 ivi_box kernel: igb_avb 0000:01:00.0: added PHC on eth0
Nov 13 09:54:59 ivi_box kernel: igb_avb 0000:01:00.0: Intel(R) Gigabit Ethernet Network Connection
Nov 13 09:54:59 ivi_box kernel: igb_avb 0000:01:00.0: eth0: (PCIe:2.5GT/s:Width x1) 
Nov 13 09:54:59 ivi_box kernel: igb_avb 0000:01:00.0: eth0: MAC: 
Nov 13 09:54:59 ivi_box kernel: 00:10:f3:3a:6d:12
Nov 13 09:54:59 ivi_box kernel: igb_avb 0000:01:00.0: eth0: PBA No: 001300-000
Nov 13 09:54:59 ivi_box kernel: igb_avb 0000:01:00.0: LRO is disabled 
Nov 13 09:54:59 ivi_box kernel: igb_avb 0000:01:00.0: Using MSI-X interrupts. 4 rx queue(s), 4 tx queue(s)
Nov 13 09:54:59 ivi_box systemd-udevd[105]: renamed network interface eth0 to enp1s0
Nov 13 09:54:59 ivi_box kernel: iwlwifi 0000:02:00.0: Detected Intel(R) Wireless N 7260, REV=0x144
Nov 13 09:54:59 ivi_box kernel: iwlwifi 0000:02:00.0: L1 Enabled; Disabling L0S
Nov 13 09:54:59 ivi_box kernel: iwlwifi 0000:02:00.0: L1 Enabled; Disabling L0S
Nov 13 09:54:59 ivi_box systemd[1]: Found device Cruzer_Slice BOOT.
Nov 13 09:54:59 ivi_box systemd[1]: Mounting /boot...
Nov 13 09:54:59 ivi_box kernel: ieee80211 phy0: Selected rate control algorithm 'iwl-mvm-rs'
Nov 13 09:54:59 ivi_box systemd[1]: Starting Load/Save RF Kill Switch Status of rfkill1...
Nov 13 09:54:59 ivi_box systemd[1]: Started Load/Save RF Kill Switch Status of rfkill1.
Nov 13 09:54:59 ivi_box systemd-udevd[106]: renamed network interface wlan0 to wlp2s0
Nov 13 09:54:59 ivi_box kernel: FAT-fs (sdb1): Volume was not properly unmounted. Some data may be corrupt. Please run fsck.
Nov 13 09:54:59 ivi_box systemd[1]: Mounted /boot.
Nov 13 09:54:59 ivi_box systemd[1]: Starting Local File Systems.
Nov 13 09:54:59 ivi_box systemd[1]: Reached target Local File Systems.
Nov 13 09:54:59 ivi_box systemd[1]: Starting Create Volatile Files and Directories...
Nov 13 09:54:59 ivi_box systemd[1]: Starting Trigger Flushing of Journal to Persistent Storage...
Nov 13 09:54:59 ivi_box systemd[1]: Started Create Volatile Files and Directories.
Nov 13 09:54:59 ivi_box systemd-journal[78]: Runtime journal is using 16.0M (max allowed 1000.0M, trying to leave 141.3M free of 926.0M available → current limit 784.6M).
Nov 13 09:54:59 ivi_box systemd[1]: Started Trigger Flushing of Journal to Persistent Storage.
Nov 13 09:54:59 ivi_box systemd[1]: Starting Update UTMP about System Boot/Shutdown...
Nov 13 09:54:59 ivi_box systemd[1]: Started Update UTMP about System Boot/Shutdown.
Nov 13 09:54:59 ivi_box systemd[1]: Starting System Initialization.
Nov 13 09:54:59 ivi_box systemd[1]: Reached target System Initialization.
Nov 13 09:54:59 ivi_box systemd[1]: Starting System server socket.
Nov 13 09:54:59 ivi_box systemd[1]: Listening on System server socket.
Nov 13 09:54:59 ivi_box systemd[1]: Starting download-provider.socket.
Nov 13 09:54:59 ivi_box systemd[1]: Listening on download-provider.socket.
Nov 13 09:54:59 ivi_box systemd[1]: Starting sshd.socket.
Nov 13 09:54:59 ivi_box systemd[1]: Listening on sshd.socket.
Nov 13 09:54:59 ivi_box systemd[1]: Starting security-server-data-share.socket.
Nov 13 09:54:59 ivi_box systemd[1]: Listening on security-server-data-share.socket.
Nov 13 09:54:59 ivi_box systemd[1]: Starting security-server-get-gid.socket.
Nov 13 09:54:59 ivi_box systemd[1]: Listening on security-server-get-gid.socket.
Nov 13 09:54:59 ivi_box systemd[1]: Starting security-server-privilege-by-pid.socket.
Nov 13 09:54:59 ivi_box systemd[1]: Listening on security-server-privilege-by-pid.socket.
Nov 13 09:54:59 ivi_box systemd[1]: Starting security-server-app-privilege-by-name.socket.
Nov 13 09:54:59 ivi_box systemd[1]: Listening on security-server-app-privilege-by-name.socket.
Nov 13 09:54:59 ivi_box systemd[1]: Starting security-server-cookie-get.socket.
Nov 13 09:54:59 ivi_box systemd[1]: Listening on security-server-cookie-get.socket.
Nov 13 09:54:59 ivi_box systemd[1]: Starting security-server-cookie-check.socket.
Nov 13 09:54:59 ivi_box systemd[1]: Listening on security-server-cookie-check.socket.
Nov 13 09:54:59 ivi_box systemd[1]: Starting security-server-password-check.socket.
Nov 13 09:54:59 ivi_box systemd[1]: Listening on security-server-password-check.socket.
Nov 13 09:54:59 ivi_box systemd[1]: Starting security-server-password-set.socket.
Nov 13 09:54:59 ivi_box systemd[1]: Listening on security-server-password-set.socket.
Nov 13 09:54:59 ivi_box systemd[1]: Starting security-server-password-reset.socket.
Nov 13 09:54:59 ivi_box systemd[1]: Listening on security-server-password-reset.socket.
Nov 13 09:54:59 ivi_box systemd[1]: Starting security-server sockets.
Nov 13 09:54:59 ivi_box systemd[1]: Reached target security-server sockets.
Nov 13 09:54:59 ivi_box systemd[1]: Starting Path activation for the "sound-server" programme.
Nov 13 09:54:59 ivi_box systemd[1]: Started Path activation for the "sound-server" programme.
Nov 13 09:54:59 ivi_box systemd[1]: Starting Paths.
Nov 13 09:54:59 ivi_box systemd[1]: Reached target Paths.
Nov 13 09:54:59 ivi_box systemd[1]: Starting D-Bus System Message Bus Socket.
Nov 13 09:54:59 ivi_box systemd[1]: Listening on D-Bus System Message Bus Socket.
Nov 13 09:54:59 ivi_box systemd[1]: Starting Sockets.
Nov 13 09:54:59 ivi_box systemd[1]: Reached target Sockets.
Nov 13 09:54:59 ivi_box systemd[1]: Starting Daily Cleanup of Temporary Directories.
Nov 13 09:54:59 ivi_box systemd[1]: Started Daily Cleanup of Temporary Directories.
Nov 13 09:54:59 ivi_box systemd[1]: Starting Timers.
Nov 13 09:54:59 ivi_box systemd[1]: Reached target Timers.
Nov 13 09:54:59 ivi_box systemd[1]: Starting Restore Sound Card State...
Nov 13 09:54:59 ivi_box systemd[1]: Starting Basic System.
Nov 13 09:54:59 ivi_box systemd[1]: Reached target Basic System.
Nov 13 09:54:59 ivi_box systemd[1]: Starting Messageport Daemon...
Nov 13 09:54:59 ivi_box systemd[1]: Started Messageport Daemon.
Nov 13 09:54:59 ivi_box systemd[1]: Starting CSF Tizen Plugin Control Service Daemon (TPCSSerDaemon)...
Nov 13 09:54:59 ivi_box systemd[1]: Starting CSF Tizen Web Protection Service Daemon (TWPSerDaemon)...
Nov 13 09:54:59 ivi_box systemd[1]: Starting Media server...
Nov 13 09:54:59 ivi_box systemd[1]: Started Media server.
Nov 13 09:54:59 ivi_box systemd[1]: Starting Start the security server...
Nov 13 09:54:59 ivi_box systemd[1]: Starting Start the Alarm service...
Nov 13 09:54:59 ivi_box systemd[1]: Started Start the Alarm service.
Nov 13 09:54:59 ivi_box systemd[1]: Starting NFC manager...
Nov 13 09:54:59 ivi_box systemd[1]: Started NFC manager.
Nov 13 09:54:59 ivi_box systemd[1]: Starting Automotive Message Broker...
Nov 13 09:54:59 ivi_box alsactl[167]: /usr/sbin/alsactl: load_state:1647: Cannot open /var/lib/alsa/asound.state for reading: No such file or directory
Nov 13 09:54:59 ivi_box alsactl[167]: Found hardware: "HDA-Intel" "Intel Valleyview2 HDMI" "HDA:10ec0888,10ec0888,00100302 HDA:80862882,80860101,00100000" "0x1933" "0x102e"
Nov 13 09:54:59 ivi_box alsactl[167]: Hardware is initialized using a generic method
Nov 13 09:54:59 ivi_box systemd[1]: Starting net config service...
Nov 13 09:54:59 ivi_box TPCSSerDaemon[169]: TPCS Service Daemon Started
Nov 13 09:54:59 ivi_box TPCSSerDaemon[169]: [TSC Server] ./IpcServer.c 272 IpcServerOpen: com.tsc.ipc.server.plugin
Nov 13 09:54:59 ivi_box TWPSerDaemon[170]: [TSC Server] ./IpcServer.c 272 IpcServerOpen: com.tsc.ipc.server.wp
Nov 13 09:54:59 ivi_box ambd[176]: 6.683            | Config:  /etc/ambd/config.tizen
Nov 13 09:54:59 ivi_box ambd[176]: 6.685            | automotive-message-broker
Nov 13 09:54:59 ivi_box ambd[176]: 6.685            | Version:  0.11.904  (  veyron   beta  )
Nov 13 09:54:59 ivi_box ambd[176]: 6.693            | ERROR error opening plugin:  /usr/lib/automotive-message-broker/vehicleplugin.so  in  /home/abuild/rpmbuild/BUILD/automotive-message-broker-0.11.904/ambd/pluginloader.h  -  loadPlugin : 66   /usr/lib/automotive-message-broker/vehicleplugin.so: cannot open shared object file: No such file or directory
Nov 13 09:55:00 ivi_box systemd[1]: Started Generate Bluetooth Address.
Nov 13 09:55:00 ivi_box systemd[1]: Starting Connection service...
Nov 13 09:55:00 ivi_box systemd[1]: Starting System server...
Nov 13 09:55:00 ivi_box systemd[1]: Starting SMACK rules loading...
Nov 13 09:55:00 ivi_box systemd[1]: Starting Telephony service...
Nov 13 09:55:00 ivi_box systemd[1]: Starting Disk Manager...
Nov 13 09:55:00 ivi_box systemd[1]: Starting Notifications daemon...
Nov 13 09:55:00 ivi_box udisksd[197]: udisks daemon version 2.1.2 starting
Nov 13 09:55:00 ivi_box ofonod[196]: oFono version 1.14
Nov 13 09:55:00 ivi_box systemd[1]: Started Notifications daemon.
Nov 13 09:55:00 ivi_box systemd[1]: Starting Download provider service...
Nov 13 09:55:00 ivi_box notification-service[201]: ERR<201>:ecore_system_tizen modules/ecore/system/tizen/ecore_system_tizen.c:158 _ecore_system_tizen_init() Unable to register a vconf changed cb to db/menu_widget/regionformat.
Nov 13 09:55:00 ivi_box systemd[1]: Started Download provider service.
Nov 13 09:55:00 ivi_box systemd[1]: Starting Notifications Popup daemon...
Nov 13 09:55:00 ivi_box systemd[1]: Started Notifications Popup daemon.
Nov 13 09:55:00 ivi_box systemd[1]: Starting Authorization Manager...
Nov 13 09:55:00 ivi_box systemd[1]: Starting Permit User Sessions...
Nov 13 09:55:00 ivi_box systemd[1]: Starting D-Bus System Message Bus...
Nov 13 09:55:00 ivi_box systemd[1]: Started D-Bus System Message Bus.
Nov 13 09:55:00 ivi_box polkitd[208]: Started polkitd version 0.112
Nov 13 09:55:00 ivi_box device-daemon[193]: Input Event: :/dev/input/event0:/dev/input/event1:/dev/input/event2:/dev/input/event3:/dev/input/event4:/dev/input/event5:/dev/input/event6
Nov 13 09:55:00 ivi_box device-daemon[193]: LCD Power: X-DPMS enabled
Nov 13 09:55:00 ivi_box TWPSerDaemon[170]: [TSC Server] ./IpcServer.c 533 Creating thrd for Server: com.tsc.ipc.server.wp
Nov 13 09:55:00 ivi_box TWPSerDaemon[170]: [TSC Server] ./IpcServer.c 936 =IpcPopMessage:com.tsc.ipc.server.wp
Nov 13 09:55:00 ivi_box TWPSerDaemon[170]: [TSC Server] ./IpcServer.c 805 thread:3078265664, argc:1, i:0, Parsemessage :msg::1.1
Nov 13 09:55:00 ivi_box TWPSerDaemon[170]: [TSC Server] ./IpcServer.c 976 ====RunDetachedThread ret:0
Nov 13 09:55:00 ivi_box TWPSerDaemon[170]: [TSC Server] ./IpcServer.c 805 thread:3078265664, argc:1, i:0, Parsemessage :msg:com.tsc.ipc.server.wp
Nov 13 09:55:00 ivi_box TWPSerDaemon[170]: [TSC Server] ./IpcServer.c 976 ====RunDetachedThread ret:0
Nov 13 09:55:00 ivi_box TWPSerDaemon[170]: [TSC Server] ./IpcServer.c 674 ==IpcServerMsgHandler:com.tsc.ipc.server.wp
Nov 13 09:55:00 ivi_box TWPSerDaemon[170]: [TSC Server] ./IpcServer.c 674 ==IpcServerMsgHandler:com.tsc.ipc.server.wp
Nov 13 09:55:00 ivi_box TPCSSerDaemon[169]: [TSC Server] ./IpcServer.c 533 Creating thrd for Server: com.tsc.ipc.server.plugin
Nov 13 09:55:00 ivi_box TPCSSerDaemon[169]: ./TPCSSerDaemon.c 1180 **** successfully opened server ****
Nov 13 09:55:00 ivi_box TPCSSerDaemon[169]: [TSC Server] ./IpcServer.c 936 =IpcPopMessage:com.tsc.ipc.server.plugin
Nov 13 09:55:00 ivi_box TPCSSerDaemon[169]: [TSC Server] ./IpcServer.c 805 thread:3078236992, argc:1, i:0, Parsemessage :msg::1.2
Nov 13 09:55:00 ivi_box TPCSSerDaemon[169]: ./TPCSSerDaemon.c 835 cannot open file :/usr/bin/tpcs_config_new.xml
Nov 13 09:55:00 ivi_box TPCSSerDaemon[169]: ./TPCSSerDaemon.c 1226 === check config.xml not valid config file: /usr/bin/tpcs_config_new.xml
Nov 13 09:55:00 ivi_box TPCSSerDaemon[169]: [TSC Server] ./IpcServer.c 976 ====RunDetachedThread ret:0
Nov 13 09:55:00 ivi_box TPCSSerDaemon[169]: [TSC Server] ./IpcServer.c 805 thread:3078236992, argc:1, i:0, Parsemessage :msg:com.tsc.ipc.server.plugin
Nov 13 09:55:00 ivi_box TPCSSerDaemon[169]: ./TPCSSerDaemon.c 811 ------------------ IS VALID config file :---------------------
Nov 13 09:55:00 ivi_box TPCSSerDaemon[169]: [TSC Server] ./IpcServer.c 976 ====RunDetachedThread ret:0
Nov 13 09:55:00 ivi_box TPCSSerDaemon[169]: ./TPCSSerDaemon.c 813 --- 0 pxmldoc address: 0x8a59f00
Nov 13 09:55:00 ivi_box TPCSSerDaemon[169]: ./TPCSSerDaemon.c 816 --- 1 pxmldoc address: 0x8a59f48
Nov 13 09:55:00 ivi_box TPCSSerDaemon[169]: ./TPCSSerDaemon.c 817 file to read:/usr/bin/tpcs_config.xml
Nov 13 09:55:00 ivi_box TPCSSerDaemon[169]: ./TPCSSerDaemon.c 825 address of ppxmldoc: 0x8a59f48
Nov 13 09:55:00 ivi_box TPCSSerDaemon[169]: ./TPCSSerDaemon.c 1285 Success in paring file: /usr/bin/tpcs_config.xml
Nov 13 09:55:00 ivi_box TPCSSerDaemon[169]: ./TPCSSerDaemon.c 1343 ----------------- START method loop----------
Nov 13 09:55:00 ivi_box TPCSSerDaemon[169]: [TSC Server] ./IpcServer.c 674 ==IpcServerMsgHandler:com.tsc.ipc.server.plugin
Nov 13 09:55:00 ivi_box TPCSSerDaemon[169]: [TSC Server] ./IpcServer.c 674 ==IpcServerMsgHandler:com.tsc.ipc.server.plugin
Nov 13 09:55:00 ivi_box connmand[192]: Connection Manager version 1.24
Nov 13 09:55:00 ivi_box dbus[214]: [system] Activating via systemd: service name='org.bluez' unit='bluetooth.service'
Nov 13 09:55:00 ivi_box polkitd[208]: Loading rules from directory /etc/polkit-1/rules.d
Nov 13 09:55:00 ivi_box polkitd[208]: Loading rules from directory /usr/share/polkit-1/rules.d
Nov 13 09:55:00 ivi_box dbus-daemon[214]: dbus[214]: [system] Activating via systemd: service name='org.bluez' unit='bluetooth.service'
Nov 13 09:55:00 ivi_box dbus[214]: [system] Activating via systemd: service name='org.freedesktop.PolicyKit1' unit='polkit.service'
Nov 13 09:55:00 ivi_box systemd[1]: Started CSF Tizen Plugin Control Service Daemon (TPCSSerDaemon).
Nov 13 09:55:00 ivi_box systemd[1]: Started CSF Tizen Web Protection Service Daemon (TWPSerDaemon).
Nov 13 09:55:00 ivi_box systemd[1]: Started Connection service.
Nov 13 09:55:00 ivi_box systemd[1]: Started Telephony service.
Nov 13 09:55:00 ivi_box systemd[1]: Starting OMA DS agent...
Nov 13 09:55:00 ivi_box systemd[1]: Started OMA DS agent.
Nov 13 09:55:00 ivi_box systemd[1]: Starting Login Service...
Nov 13 09:55:00 ivi_box systemd[1]: Starting Start the Access Control server...
Nov 13 09:55:00 ivi_box polkitd[208]: Finished loading, compiling and executing 2 rules
Nov 13 09:55:00 ivi_box dbus-daemon[214]: dbus[214]: [system] Activating via systemd: service name='org.freedesktop.PolicyKit1' unit='polkit.service'
Nov 13 09:55:00 ivi_box dbus[214]: [system] Successfully activated service 'org.freedesktop.PolicyKit1'
Nov 13 09:55:00 ivi_box dbus-daemon[214]: dbus[214]: [system] Successfully activated service 'org.freedesktop.PolicyKit1'
Nov 13 09:55:00 ivi_box systemd[1]: Started Start the security server.
Nov 13 09:55:00 ivi_box polkitd[208]: Acquired the name org.freedesktop.PolicyKit1 on the system bus
Nov 13 09:55:00 ivi_box systemd[1]: Started Restore Sound Card State.
Nov 13 09:55:00 ivi_box systemd[1]: Started System server.
Nov 13 09:55:00 ivi_box systemd[1]: Started SMACK rules loading.
Nov 13 09:55:00 ivi_box systemd[1]: Started Permit User Sessions.
Nov 13 09:55:00 ivi_box systemd[1]: Started Start the Access Control server.
Nov 13 09:55:00 ivi_box systemd[1]: Started Automotive Message Broker.
Nov 13 09:55:00 ivi_box systemd[1]: Started Authorization Manager.
Nov 13 09:55:00 ivi_box systemd[1]: Starting Bluetooth service...
Nov 13 09:55:00 ivi_box systemd-logind[283]: New seat seat0.
Nov 13 09:55:00 ivi_box systemd[1]: Started Login Service.
Nov 13 09:55:00 ivi_box systemd[1]: Starting User Session Launcher...
Nov 13 09:55:00 ivi_box systemd-logind[283]: Watching system buttons on /dev/input/event2 (Power Button)
Nov 13 09:55:00 ivi_box systemd-logind[283]: Watching system buttons on /dev/input/event3 (Video Bus)
Nov 13 09:55:00 ivi_box systemd-logind[283]: Watching system buttons on /dev/input/event0 (Power Button)
Nov 13 09:55:00 ivi_box systemd-logind[283]: Watching system buttons on /dev/input/event1 (Sleep Button)
Nov 13 09:55:00 ivi_box systemd[1]: Started User Session Launcher.
Nov 13 09:55:00 ivi_box bluetoothd[313]: Bluetooth daemon 5.19
Nov 13 09:55:00 ivi_box dbus[214]: [system] Successfully activated service 'org.bluez'
Nov 13 09:55:00 ivi_box dbus-daemon[214]: dbus[214]: [system] Successfully activated service 'org.bluez'
Nov 13 09:55:00 ivi_box bluetoothd[313]: Starting SDP server
Nov 13 09:55:00 ivi_box systemd[1]: Started Bluetooth service.
Nov 13 09:55:00 ivi_box kernel: Bluetooth: BNEP (Ethernet Emulation) ver 1.3
Nov 13 09:55:00 ivi_box kernel: Bluetooth: BNEP filters: protocol multicast
Nov 13 09:55:00 ivi_box kernel: Bluetooth: BNEP socket layer initialized
Nov 13 09:55:00 ivi_box user-session-launch[315]: pam_unix(user-session:session): session opened for user app by (uid=0)
Nov 13 09:55:00 ivi_box bluetoothd[313]: Bluetooth management interface 1.4 initialized
Nov 13 09:55:00 ivi_box dbus[214]: [system] Activating via systemd: service name='org.freedesktop.hostname1' unit='dbus-org.freedesktop.hostname1.service'
Nov 13 09:55:00 ivi_box dbus-daemon[214]: dbus[214]: [system] Activating via systemd: service name='org.freedesktop.hostname1' unit='dbus-org.freedesktop.hostname1.service'
Nov 13 09:55:00 ivi_box systemd[1]: Starting Hostname Service...
Nov 13 09:55:00 ivi_box kernel: Bluetooth: RFCOMM TTY layer initialized
Nov 13 09:55:00 ivi_box kernel: Bluetooth: RFCOMM socket layer initialized
Nov 13 09:55:00 ivi_box kernel: Bluetooth: RFCOMM ver 1.11
Nov 13 09:55:00 ivi_box udisksd[197]: Acquired the name org.freedesktop.UDisks2 on the system message bus
Nov 13 09:55:00 ivi_box systemd[1]: Couldn't stat device /dev/pts/ptmx
Nov 13 09:55:01 ivi_box systemd[1]: Started Disk Manager.
Nov 13 09:55:01 ivi_box systemd-logind[283]: New session c1 of user app.
Nov 13 09:55:01 ivi_box systemd[1]: Starting user-5000.slice.
Nov 13 09:55:01 ivi_box systemd[1]: Created slice user-5000.slice.
Nov 13 09:55:01 ivi_box systemd[1]: Starting Session c1 of user app.
Nov 13 09:55:01 ivi_box systemd[1]: Started Session c1 of user app.
Nov 13 09:55:01 ivi_box systemd[1]: Starting User Manager for UID 5000...
Nov 13 09:55:01 ivi_box systemd[526]: pam_unix(systemd-user:session): session opened for user app by (uid=0)
Nov 13 09:55:01 ivi_box dbus-daemon[214]: dbus[214]: [system] Successfully activated service 'org.freedesktop.hostname1'
Nov 13 09:55:01 ivi_box dbus[214]: [system] Successfully activated service 'org.freedesktop.hostname1'
Nov 13 09:55:01 ivi_box systemd[1]: Started Hostname Service.
Nov 13 09:55:01 ivi_box systemd[526]: [/usr/lib/systemd/user/media-server-user.service:5] Unknown lvalue 'type' in section 'Service'
Nov 13 09:55:01 ivi_box systemd[526]: [/usr/lib/systemd/user/media-server-user.service:7] Unknown lvalue 'CPUQuota' in section 'Service'
Nov 13 09:55:01 ivi_box systemd[526]: [/usr/lib/systemd/user/media-server-user.service:8] Executable path is not absolute, ignoring: sleep 5
Nov 13 09:55:01 ivi_box systemd[526]: Starting Modello_Homescreen-launchpad-ready.path.
Nov 13 09:55:01 ivi_box systemd[526]: Started Modello_Homescreen-launchpad-ready.path.
Nov 13 09:55:01 ivi_box systemd[526]: Starting Paths.
Nov 13 09:55:01 ivi_box systemd[526]: Reached target Paths.
Nov 13 09:55:01 ivi_box systemd[526]: Starting Timers.
Nov 13 09:55:01 ivi_box systemd[526]: Reached target Timers.
Nov 13 09:55:01 ivi_box systemd[526]: Starting -.slice.
Nov 13 09:55:01 ivi_box systemd[526]: Failed to set cpu.shares on /user.slice/user-5000.slice/user@5000.service: No such file or directory
Nov 13 09:55:01 ivi_box systemd[526]: Created slice -.slice.
Nov 13 09:55:01 ivi_box systemd[526]: Starting speech-recognition.socket.
Nov 13 09:55:01 ivi_box systemd[526]: Listening on speech-recognition.socket.
Nov 13 09:55:01 ivi_box systemd[526]: Starting Contacts Service socket.
Nov 13 09:55:01 ivi_box systemd[526]: smack_label_ip_in_fd: Operation not permitted
Nov 13 09:55:01 ivi_box systemd[526]: smack_label_ip_out_fd: Operation not permitted
Nov 13 09:55:01 ivi_box systemd[526]: Listening on Contacts Service socket.
Nov 13 09:55:01 ivi_box systemd[526]: Starting D-Bus Session Message Bus Socket.
Nov 13 09:55:01 ivi_box systemd[526]: Listening on D-Bus Session Message Bus Socket.
Nov 13 09:55:01 ivi_box systemd[526]: Starting Sockets.
Nov 13 09:55:01 ivi_box systemd[526]: Reached target Sockets.
Nov 13 09:55:01 ivi_box systemd[526]: Starting Basic System.
Nov 13 09:55:01 ivi_box systemd[526]: Reached target Basic System.
Nov 13 09:55:01 ivi_box systemd[526]: Starting Murphy Resource Policy Daemon...
Nov 13 09:55:01 ivi_box systemd[526]: Failed to set cpu.shares on /user.slice/user-5000.slice/user@5000.service/murphyd.service: No such file or directory
Nov 13 09:55:01 ivi_box systemd[526]: Started Murphy Resource Policy Daemon.
Nov 13 09:55:01 ivi_box systemd[526]: Starting Media server user...
Nov 13 09:55:01 ivi_box systemd[526]: Failed to set cpu.shares on /user.slice/user-5000.slice/user@5000.service/media-server-user.service: No such file or directory
Nov 13 09:55:01 ivi_box systemd[526]: Started Media server user.
Nov 13 09:55:01 ivi_box systemd[526]: Starting Start the USER Access Control Agent...
Nov 13 09:55:01 ivi_box systemd[526]: Failed to set cpu.shares on /user.slice/user-5000.slice/user@5000.service/amd_session_agent.service: No such file or directory
Nov 13 09:55:01 ivi_box systemd[526]: Started Start the USER Access Control Agent.
Nov 13 09:55:01 ivi_box systemd[526]: Starting Service to provide/export Phone functionality...
Nov 13 09:55:01 ivi_box systemd[526]: Failed to set cpu.shares on /user.slice/user-5000.slice/user@5000.service/phoned.service: No such file or directory
Nov 13 09:55:01 ivi_box systemd[526]: Starting Udisks user session automount/umount agent...
Nov 13 09:55:01 ivi_box systemd[526]: Failed to set cpu.shares on /user.slice/user-5000.slice/user@5000.service/udisks-automount-agent.service: No such file or directory
Nov 13 09:55:01 ivi_box systemd[526]: Started Udisks user session automount/umount agent.
Nov 13 09:55:01 ivi_box systemd[526]: Starting Weston...
Nov 13 09:55:01 ivi_box systemd[526]: Failed to set cpu.shares on /user.slice/user-5000.slice/user@5000.service/weston.service: No such file or directory
Nov 13 09:55:01 ivi_box systemd[526]: Started Weston.
Nov 13 09:55:01 ivi_box systemd[526]: Starting Single SignOn Daemon...
Nov 13 09:55:01 ivi_box systemd[526]: Failed to set cpu.shares on /user.slice/user-5000.slice/user@5000.service/gsignond.service: No such file or directory
Nov 13 09:55:01 ivi_box systemd[526]: Started Single SignOn Daemon.
Nov 13 09:55:01 ivi_box systemd[526]: Starting D-Bus Session Message Bus...
Nov 13 09:55:01 ivi_box systemd[526]: Failed to set cpu.shares on /user.slice/user-5000.slice/user@5000.service/dbus.service: No such file or directory
Nov 13 09:55:01 ivi_box systemd[526]: Started D-Bus Session Message Bus.
Nov 13 09:55:01 ivi_box connmand[192]: Checking loopback interface settings
Nov 13 09:55:01 ivi_box connmand[192]: System hostname is ivi_box
Nov 13 09:55:01 ivi_box murphyd[593]: I: Blacklisted plugins of any type: <none>
Nov 13 09:55:01 ivi_box murphyd[593]: I: Blacklisted builtin plugins: <none>
Nov 13 09:55:01 ivi_box murphyd[593]: I: Blacklisted dynamic plugins: <none>
